Archive member included to satisfy reference by file (symbol)

c:/winavr-20100110/bin/../lib/gcc/avr/8.3.0/avr25\libgcc.a(_exit.o)
                              c:/winavr-20100110/bin/../lib/gcc/avr/8.3.0/../../../../avr/lib/avr25/crtattiny85.o (exit)
c:/winavr-20100110/bin/../lib/gcc/avr/8.3.0/avr25\libgcc.a(_copy_data.o)
                              victoria-20-20t-exhaust-fan.o (__do_copy_data)
c:/winavr-20100110/bin/../lib/gcc/avr/8.3.0/avr25\libgcc.a(_clear_bss.o)
                              victoria-20-20t-exhaust-fan.o (__do_clear_bss)

Allocating common symbols
Common symbol       size              file

p_receive_event     0x2               ../../nb-libs/twis/interrupt-based/nb-usitwisl.o
rx_buffer           0x40              ../../nb-libs/twis/interrupt-based/nb-usitwisl.o
tx_buffer           0x40              ../../nb-libs/twis/interrupt-based/nb-usitwisl.o
p_enable_slow_ops   0x2               ../../nb-libs/twis/interrupt-based/nb-usitwisl.o
twi_driver_state    0x1               ../../nb-libs/twis/interrupt-based/nb-usitwisl.o

Discarded input sections

 .data          0x0000000000000000        0x0 c:/winavr-20100110/bin/../lib/gcc/avr/8.3.0/../../../../avr/lib/avr25/crtattiny85.o
 .bss           0x0000000000000000        0x0 c:/winavr-20100110/bin/../lib/gcc/avr/8.3.0/../../../../avr/lib/avr25/crtattiny85.o
 .text          0x0000000000000000        0x0 victoria-20-20t-exhaust-fan.o
 .data          0x0000000000000000        0x0 victoria-20-20t-exhaust-fan.o
 .bss           0x0000000000000000        0x0 victoria-20-20t-exhaust-fan.o
 .text.ResetMCU
                0x0000000000000000       0x14 victoria-20-20t-exhaust-fan.o
 .bss.slow_ops_enabled
                0x0000000000000000        0x1 victoria-20-20t-exhaust-fan.o
 .bss.commandLength
                0x0000000000000000        0x1 victoria-20-20t-exhaust-fan.o
 .bss.command   0x0000000000000000       0x20 victoria-20-20t-exhaust-fan.o
 .text          0x0000000000000000        0x0 ../../nb-libs/twis/interrupt-based/nb-usitwisl.o
 .data          0x0000000000000000        0x0 ../../nb-libs/twis/interrupt-based/nb-usitwisl.o
 .bss           0x0000000000000000        0x0 ../../nb-libs/twis/interrupt-based/nb-usitwisl.o
 .text.UsiTwiTransmitByte
                0x0000000000000000       0x1e ../../nb-libs/twis/interrupt-based/nb-usitwisl.o
 .text.UsiTwiReceiveByte
                0x0000000000000000       0x24 ../../nb-libs/twis/interrupt-based/nb-usitwisl.o
 .text.UsiTwiDriverInit
                0x0000000000000000       0x26 ../../nb-libs/twis/interrupt-based/nb-usitwisl.o
 .bss.rx_tail   0x0000000000000000        0x1 ../../nb-libs/twis/interrupt-based/nb-usitwisl.o
 .text          0x0000000000000000        0x0 c:/winavr-20100110/bin/../lib/gcc/avr/8.3.0/avr25\libgcc.a(_exit.o)
 .data          0x0000000000000000        0x0 c:/winavr-20100110/bin/../lib/gcc/avr/8.3.0/avr25\libgcc.a(_exit.o)
 .bss           0x0000000000000000        0x0 c:/winavr-20100110/bin/../lib/gcc/avr/8.3.0/avr25\libgcc.a(_exit.o)
 .text.libgcc.mul
                0x0000000000000000        0x0 c:/winavr-20100110/bin/../lib/gcc/avr/8.3.0/avr25\libgcc.a(_exit.o)
 .text.libgcc.div
                0x0000000000000000        0x0 c:/winavr-20100110/bin/../lib/gcc/avr/8.3.0/avr25\libgcc.a(_exit.o)
 .text.libgcc   0x0000000000000000        0x0 c:/winavr-20100110/bin/../lib/gcc/avr/8.3.0/avr25\libgcc.a(_exit.o)
 .text.libgcc.prologue
                0x0000000000000000        0x0 c:/winavr-20100110/bin/../lib/gcc/avr/8.3.0/avr25\libgcc.a(_exit.o)
 .text.libgcc.builtins
                0x0000000000000000        0x0 c:/winavr-20100110/bin/../lib/gcc/avr/8.3.0/avr25\libgcc.a(_exit.o)
 .text.libgcc.fmul
                0x0000000000000000        0x0 c:/winavr-20100110/bin/../lib/gcc/avr/8.3.0/avr25\libgcc.a(_exit.o)
 .text.libgcc.fixed
                0x0000000000000000        0x0 c:/winavr-20100110/bin/../lib/gcc/avr/8.3.0/avr25\libgcc.a(_exit.o)
 .text          0x0000000000000000        0x0 c:/winavr-20100110/bin/../lib/gcc/avr/8.3.0/avr25\libgcc.a(_copy_data.o)
 .data          0x0000000000000000        0x0 c:/winavr-20100110/bin/../lib/gcc/avr/8.3.0/avr25\libgcc.a(_copy_data.o)
 .bss           0x0000000000000000        0x0 c:/winavr-20100110/bin/../lib/gcc/avr/8.3.0/avr25\libgcc.a(_copy_data.o)
 .text.libgcc.mul
                0x0000000000000000        0x0 c:/winavr-20100110/bin/../lib/gcc/avr/8.3.0/avr25\libgcc.a(_copy_data.o)
 .text.libgcc.div
                0x0000000000000000        0x0 c:/winavr-20100110/bin/../lib/gcc/avr/8.3.0/avr25\libgcc.a(_copy_data.o)
 .text.libgcc   0x0000000000000000        0x0 c:/winavr-20100110/bin/../lib/gcc/avr/8.3.0/avr25\libgcc.a(_copy_data.o)
 .text.libgcc.prologue
                0x0000000000000000        0x0 c:/winavr-20100110/bin/../lib/gcc/avr/8.3.0/avr25\libgcc.a(_copy_data.o)
 .text.libgcc.builtins
                0x0000000000000000        0x0 c:/winavr-20100110/bin/../lib/gcc/avr/8.3.0/avr25\libgcc.a(_copy_data.o)
 .text.libgcc.fmul
                0x0000000000000000        0x0 c:/winavr-20100110/bin/../lib/gcc/avr/8.3.0/avr25\libgcc.a(_copy_data.o)
 .text.libgcc.fixed
                0x0000000000000000        0x0 c:/winavr-20100110/bin/../lib/gcc/avr/8.3.0/avr25\libgcc.a(_copy_data.o)
 .text          0x0000000000000000        0x0 c:/winavr-20100110/bin/../lib/gcc/avr/8.3.0/avr25\libgcc.a(_clear_bss.o)
 .data          0x0000000000000000        0x0 c:/winavr-20100110/bin/../lib/gcc/avr/8.3.0/avr25\libgcc.a(_clear_bss.o)
 .bss           0x0000000000000000        0x0 c:/winavr-20100110/bin/../lib/gcc/avr/8.3.0/avr25\libgcc.a(_clear_bss.o)
 .text.libgcc.mul
                0x0000000000000000        0x0 c:/winavr-20100110/bin/../lib/gcc/avr/8.3.0/avr25\libgcc.a(_clear_bss.o)
 .text.libgcc.div
                0x0000000000000000        0x0 c:/winavr-20100110/bin/../lib/gcc/avr/8.3.0/avr25\libgcc.a(_clear_bss.o)
 .text.libgcc   0x0000000000000000        0x0 c:/winavr-20100110/bin/../lib/gcc/avr/8.3.0/avr25\libgcc.a(_clear_bss.o)
 .text.libgcc.prologue
                0x0000000000000000        0x0 c:/winavr-20100110/bin/../lib/gcc/avr/8.3.0/avr25\libgcc.a(_clear_bss.o)
 .text.libgcc.builtins
                0x0000000000000000        0x0 c:/winavr-20100110/bin/../lib/gcc/avr/8.3.0/avr25\libgcc.a(_clear_bss.o)
 .text.libgcc.fmul
                0x0000000000000000        0x0 c:/winavr-20100110/bin/../lib/gcc/avr/8.3.0/avr25\libgcc.a(_clear_bss.o)
 .text.libgcc.fixed
                0x0000000000000000        0x0 c:/winavr-20100110/bin/../lib/gcc/avr/8.3.0/avr25\libgcc.a(_clear_bss.o)

Memory Configuration

Name             Origin             Length             Attributes
text             0x0000000000000000 0x0000000000002000 xr
data             0x0000000000800060 0x000000000000ffa0 rw !x
eeprom           0x0000000000810000 0x0000000000010000 rw !x
fuse             0x0000000000820000 0x0000000000000400 rw !x
lock             0x0000000000830000 0x0000000000000400 rw !x
signature        0x0000000000840000 0x0000000000000400 rw !x
user_signatures  0x0000000000850000 0x0000000000000400 rw !x
*default*        0x0000000000000000 0xffffffffffffffff

Linker script and memory map

LOAD c:/winavr-20100110/bin/../lib/gcc/avr/8.3.0/../../../../avr/lib/avr25/crtattiny85.o
LOAD victoria-20-20t-exhaust-fan.o
LOAD ../../nb-libs/twis/interrupt-based/nb-usitwisl.o
START GROUP
LOAD c:/winavr-20100110/bin/../lib/gcc/avr/8.3.0/avr25\libgcc.a
LOAD c:/winavr-20100110/bin/../lib/gcc/avr/8.3.0/../../../../avr/lib/avr25\libm.a
LOAD c:/winavr-20100110/bin/../lib/gcc/avr/8.3.0/../../../../avr/lib/avr25\libc.a
LOAD c:/winavr-20100110/bin/../lib/gcc/avr/8.3.0/../../../../avr/lib/avr25\libattiny85.a
END GROUP
                0x0000000000002000                __TEXT_REGION_LENGTH__ = DEFINED (__TEXT_REGION_LENGTH__)?__TEXT_REGION_LENGTH__:0x2000
                0x000000000000ffa0                __DATA_REGION_LENGTH__ = DEFINED (__DATA_REGION_LENGTH__)?__DATA_REGION_LENGTH__:0xffa0
                0x0000000000010000                __EEPROM_REGION_LENGTH__ = DEFINED (__EEPROM_REGION_LENGTH__)?__EEPROM_REGION_LENGTH__:0x10000
                0x0000000000000400                __FUSE_REGION_LENGTH__ = DEFINED (__FUSE_REGION_LENGTH__)?__FUSE_REGION_LENGTH__:0x400
                0x0000000000000400                __LOCK_REGION_LENGTH__ = DEFINED (__LOCK_REGION_LENGTH__)?__LOCK_REGION_LENGTH__:0x400
                0x0000000000000400                __SIGNATURE_REGION_LENGTH__ = DEFINED (__SIGNATURE_REGION_LENGTH__)?__SIGNATURE_REGION_LENGTH__:0x400
                0x0000000000000400                __USER_SIGNATURE_REGION_LENGTH__ = DEFINED (__USER_SIGNATURE_REGION_LENGTH__)?__USER_SIGNATURE_REGION_LENGTH__:0x400

.hash
 *(.hash)

.dynsym
 *(.dynsym)

.dynstr
 *(.dynstr)

.gnu.version
 *(.gnu.version)

.gnu.version_d
 *(.gnu.version_d)

.gnu.version_r
 *(.gnu.version_r)

.rel.init
 *(.rel.init)

.rela.init
 *(.rela.init)

.rel.text
 *(.rel.text)
 *(.rel.text.*)
 *(.rel.gnu.linkonce.t*)

.rela.text
 *(.rela.text)
 *(.rela.text.*)
 *(.rela.gnu.linkonce.t*)

.rel.fini
 *(.rel.fini)

.rela.fini
 *(.rela.fini)

.rel.rodata
 *(.rel.rodata)
 *(.rel.rodata.*)
 *(.rel.gnu.linkonce.r*)

.rela.rodata
 *(.rela.rodata)
 *(.rela.rodata.*)
 *(.rela.gnu.linkonce.r*)

.rel.data
 *(.rel.data)
 *(.rel.data.*)
 *(.rel.gnu.linkonce.d*)

.rela.data
 *(.rela.data)
 *(.rela.data.*)
 *(.rela.gnu.linkonce.d*)

.rel.ctors
 *(.rel.ctors)

.rela.ctors
 *(.rela.ctors)

.rel.dtors
 *(.rel.dtors)

.rela.dtors
 *(.rela.dtors)

.rel.got
 *(.rel.got)

.rela.got
 *(.rela.got)

.rel.bss
 *(.rel.bss)

.rela.bss
 *(.rela.bss)

.rel.plt
 *(.rel.plt)

.rela.plt
 *(.rela.plt)

.text           0x0000000000000000      0x2ba
 *(.vectors)
 .vectors       0x0000000000000000       0x1e c:/winavr-20100110/bin/../lib/gcc/avr/8.3.0/../../../../avr/lib/avr25/crtattiny85.o
                0x0000000000000000                __vector_default
                0x0000000000000000                __vectors
 *(.vectors)
 *(.progmem.gcc*)
                0x000000000000001e                . = ALIGN (0x2)
                0x000000000000001e                __trampolines_start = .
 *(.trampolines)
 .trampolines   0x000000000000001e        0x0 linker stubs
 *(.trampolines*)
                0x000000000000001e                __trampolines_end = .
 *libprintf_flt.a:*(.progmem.data)
 *libc.a:*(.progmem.data)
 *(.progmem.*)
                0x000000000000001e                . = ALIGN (0x2)
 *(.lowtext)
 *(.lowtext*)
                0x000000000000001e                __ctors_start = .
 *(.ctors)
                0x000000000000001e                __ctors_end = .
                0x000000000000001e                __dtors_start = .
 *(.dtors)
                0x000000000000001e                __dtors_end = .
 SORT_BY_NAME(*)(.ctors)
 SORT_BY_NAME(*)(.dtors)
 *(.init0)
 .init0         0x000000000000001e        0x0 c:/winavr-20100110/bin/../lib/gcc/avr/8.3.0/../../../../avr/lib/avr25/crtattiny85.o
                0x000000000000001e                __init
 *(.init0)
 *(.init1)
 *(.init1)
 *(.init2)
 .init2         0x000000000000001e        0xc c:/winavr-20100110/bin/../lib/gcc/avr/8.3.0/../../../../avr/lib/avr25/crtattiny85.o
 *(.init2)
 *(.init3)
 *(.init3)
 *(.init4)
 .init4         0x000000000000002a       0x16 c:/winavr-20100110/bin/../lib/gcc/avr/8.3.0/avr25\libgcc.a(_copy_data.o)
                0x000000000000002a                __do_copy_data
 .init4         0x0000000000000040       0x10 c:/winavr-20100110/bin/../lib/gcc/avr/8.3.0/avr25\libgcc.a(_clear_bss.o)
                0x0000000000000040                __do_clear_bss
 *(.init4)
 *(.init5)
 *(.init5)
 *(.init6)
 *(.init6)
 *(.init7)
 *(.init7)
 *(.init8)
 *(.init8)
 *(.init9)
 .init9         0x0000000000000050        0x4 c:/winavr-20100110/bin/../lib/gcc/avr/8.3.0/../../../../avr/lib/avr25/crtattiny85.o
 *(.init9)
 *(.text)
 .text          0x0000000000000054        0x2 c:/winavr-20100110/bin/../lib/gcc/avr/8.3.0/../../../../avr/lib/avr25/crtattiny85.o
                0x0000000000000054                __vector_1
                0x0000000000000054                __vector_12
                0x0000000000000054                __bad_interrupt
                0x0000000000000054                __vector_6
                0x0000000000000054                __vector_3
                0x0000000000000054                __vector_11
                0x0000000000000054                __vector_7
                0x0000000000000054                __vector_5
                0x0000000000000054                __vector_4
                0x0000000000000054                __vector_9
                0x0000000000000054                __vector_2
                0x0000000000000054                __vector_8
                0x0000000000000054                __vector_10
                0x0000000000000056                . = ALIGN (0x2)
 *(.text.*)
 .text.SetCPUSpeed1MHz
                0x0000000000000056        0xe victoria-20-20t-exhaust-fan.o
                0x0000000000000056                SetCPUSpeed1MHz
 .text.SetCPUSpeed8MHz
                0x0000000000000064        0xc victoria-20-20t-exhaust-fan.o
                0x0000000000000064                SetCPUSpeed8MHz
 .text.DisableWatchDog
                0x0000000000000070        0xc victoria-20-20t-exhaust-fan.o
                0x0000000000000070                DisableWatchDog
 .text.startup.main
                0x000000000000007c       0xda victoria-20-20t-exhaust-fan.o
                0x000000000000007c                main
 .text.__vector_13
                0x0000000000000156       0x32 ../../nb-libs/twis/interrupt-based/nb-usitwisl.o
                0x0000000000000156                __vector_13
 .text.SET_USI_TO_WAIT_FOR_TWI_ADDRESS
                0x0000000000000188        0xa ../../nb-libs/twis/interrupt-based/nb-usitwisl.o
                0x0000000000000188                SET_USI_TO_WAIT_FOR_TWI_ADDRESS
 .text.__vector_14
                0x0000000000000192      0x124 ../../nb-libs/twis/interrupt-based/nb-usitwisl.o
                0x0000000000000192                __vector_14
                0x00000000000002b6                . = ALIGN (0x2)
 *(.fini9)
 .fini9         0x00000000000002b6        0x0 c:/winavr-20100110/bin/../lib/gcc/avr/8.3.0/avr25\libgcc.a(_exit.o)
                0x00000000000002b6                _exit
                0x00000000000002b6                exit
 *(.fini9)
 *(.fini8)
 *(.fini8)
 *(.fini7)
 *(.fini7)
 *(.fini6)
 *(.fini6)
 *(.fini5)
 *(.fini5)
 *(.fini4)
 *(.fini4)
 *(.fini3)
 *(.fini3)
 *(.fini2)
 *(.fini2)
 *(.fini1)
 *(.fini1)
 *(.fini0)
 .fini0         0x00000000000002b6        0x4 c:/winavr-20100110/bin/../lib/gcc/avr/8.3.0/avr25\libgcc.a(_exit.o)
 *(.fini0)
 *(.hightext)
 *(.hightext*)
 *(.progmemx.*)
                0x00000000000002ba                . = ALIGN (0x2)
 *(.jumptables)
 *(.jumptables*)
                0x00000000000002ba                _etext = .

.data           0x0000000000800060        0x6 load address 0x00000000000002ba
                0x0000000000800060                PROVIDE (__data_start = .)
 *(.data)
 *(.data*)
 .data.start_delay
                0x0000000000800060        0x1 victoria-20-20t-exhaust-fan.o
                0x0000000000800060                start_delay
 .data.power_on_delay
                0x0000000000800061        0x1 victoria-20-20t-exhaust-fan.o
                0x0000000000800061                power_on_delay
 .data.long_delay
                0x0000000000800062        0x2 victoria-20-20t-exhaust-fan.o
                0x0000000000800062                long_delay
 .data.blink    0x0000000000800064        0x1 victoria-20-20t-exhaust-fan.o
                0x0000000000800064                blink
 *(.gnu.linkonce.d*)
 *(.rodata)
 *(.rodata*)
 *(.gnu.linkonce.r*)
                0x0000000000800066                . = ALIGN (0x2)
 *fill*         0x0000000000800065        0x1 
                0x0000000000800066                _edata = .
                0x0000000000800066                PROVIDE (__data_end = .)

.bss            0x0000000000800066       0x8a
                0x0000000000800066                PROVIDE (__bss_start = .)
 *(.bss)
 *(.bss*)
 .bss.tx_tail   0x0000000000800066        0x1 ../../nb-libs/twis/interrupt-based/nb-usitwisl.o
                0x0000000000800066                tx_tail
 .bss.tx_head   0x0000000000800067        0x1 ../../nb-libs/twis/interrupt-based/nb-usitwisl.o
                0x0000000000800067                tx_head
 .bss.rx_head   0x0000000000800068        0x1 ../../nb-libs/twis/interrupt-based/nb-usitwisl.o
                0x0000000000800068                rx_head
 .bss.rx_byte_count
                0x0000000000800069        0x1 ../../nb-libs/twis/interrupt-based/nb-usitwisl.o
                0x0000000000800069                rx_byte_count
 .bss.twi_addr  0x000000000080006a        0x1 ../../nb-libs/twis/interrupt-based/nb-usitwisl.o
                0x000000000080006a                twi_addr
 *(COMMON)
 COMMON         0x000000000080006b       0x85 ../../nb-libs/twis/interrupt-based/nb-usitwisl.o
                0x000000000080006b                p_receive_event
                0x000000000080006d                rx_buffer
                0x00000000008000ad                tx_buffer
                0x00000000008000ed                p_enable_slow_ops
                0x00000000008000ef                twi_driver_state
                0x00000000008000f0                PROVIDE (__bss_end = .)
                0x00000000000002ba                __data_load_start = LOADADDR (.data)
                0x00000000000002c0                __data_load_end = (__data_load_start + SIZEOF (.data))

.noinit         0x00000000008000f0        0x0
                [!provide]                        PROVIDE (__noinit_start = .)
 *(.noinit*)
                [!provide]                        PROVIDE (__noinit_end = .)
                0x00000000008000f0                _end = .
                [!provide]                        PROVIDE (__heap_start = .)

.eeprom         0x0000000000810000        0x0
 *(.eeprom*)
                0x0000000000810000                __eeprom_end = .

.fuse
 *(.fuse)
 *(.lfuse)
 *(.hfuse)
 *(.efuse)

.lock
 *(.lock*)

.signature
 *(.signature*)

.stab
 *(.stab)

.stabstr
 *(.stabstr)

.stab.excl
 *(.stab.excl)

.stab.exclstr
 *(.stab.exclstr)

.stab.index
 *(.stab.index)

.stab.indexstr
 *(.stab.indexstr)

.comment        0x0000000000000000       0x11
 *(.comment)
 .comment       0x0000000000000000       0x11 victoria-20-20t-exhaust-fan.o
                                         0x12 (size before relaxing)
 .comment       0x0000000000000011       0x12 ../../nb-libs/twis/interrupt-based/nb-usitwisl.o

.note.gnu.avr.deviceinfo
                0x0000000000000000       0x3c
 .note.gnu.avr.deviceinfo
                0x0000000000000000       0x3c c:/winavr-20100110/bin/../lib/gcc/avr/8.3.0/../../../../avr/lib/avr25/crtattiny85.o

.note.gnu.build-id
 *(.note.gnu.build-id)

.debug
 *(.debug)

.line
 *(.line)

.debug_srcinfo
 *(.debug_srcinfo)

.debug_sfnames
 *(.debug_sfnames)

.debug_aranges  0x0000000000000000       0xe8
 *(.debug_aranges)
 .debug_aranges
                0x0000000000000000       0x40 victoria-20-20t-exhaust-fan.o
 .debug_aranges
                0x0000000000000040       0x48 ../../nb-libs/twis/interrupt-based/nb-usitwisl.o
 .debug_aranges
                0x0000000000000088       0x20 c:/winavr-20100110/bin/../lib/gcc/avr/8.3.0/avr25\libgcc.a(_exit.o)
 .debug_aranges
                0x00000000000000a8       0x20 c:/winavr-20100110/bin/../lib/gcc/avr/8.3.0/avr25\libgcc.a(_copy_data.o)
 .debug_aranges
                0x00000000000000c8       0x20 c:/winavr-20100110/bin/../lib/gcc/avr/8.3.0/avr25\libgcc.a(_clear_bss.o)

.debug_pubnames
 *(.debug_pubnames)

.debug_info     0x0000000000000000      0xbbd
 *(.debug_info .gnu.linkonce.wi.*)
 .debug_info    0x0000000000000000      0x420 c:/winavr-20100110/bin/../lib/gcc/avr/8.3.0/../../../../avr/lib/avr25/crtattiny85.o
 .debug_info    0x0000000000000420      0x274 victoria-20-20t-exhaust-fan.o
 .debug_info    0x0000000000000694      0x4b7 ../../nb-libs/twis/interrupt-based/nb-usitwisl.o
 .debug_info    0x0000000000000b4b       0x26 c:/winavr-20100110/bin/../lib/gcc/avr/8.3.0/avr25\libgcc.a(_exit.o)
 .debug_info    0x0000000000000b71       0x26 c:/winavr-20100110/bin/../lib/gcc/avr/8.3.0/avr25\libgcc.a(_copy_data.o)
 .debug_info    0x0000000000000b97       0x26 c:/winavr-20100110/bin/../lib/gcc/avr/8.3.0/avr25\libgcc.a(_clear_bss.o)

.debug_abbrev   0x0000000000000000      0x788
 *(.debug_abbrev)
 .debug_abbrev  0x0000000000000000      0x3e8 c:/winavr-20100110/bin/../lib/gcc/avr/8.3.0/../../../../avr/lib/avr25/crtattiny85.o
 .debug_abbrev  0x00000000000003e8      0x18e victoria-20-20t-exhaust-fan.o
 .debug_abbrev  0x0000000000000576      0x1d6 ../../nb-libs/twis/interrupt-based/nb-usitwisl.o
 .debug_abbrev  0x000000000000074c       0x14 c:/winavr-20100110/bin/../lib/gcc/avr/8.3.0/avr25\libgcc.a(_exit.o)
 .debug_abbrev  0x0000000000000760       0x14 c:/winavr-20100110/bin/../lib/gcc/avr/8.3.0/avr25\libgcc.a(_copy_data.o)
 .debug_abbrev  0x0000000000000774       0x14 c:/winavr-20100110/bin/../lib/gcc/avr/8.3.0/avr25\libgcc.a(_clear_bss.o)

.debug_line     0x0000000000000000      0xe04
 *(.debug_line .debug_line.* .debug_line_end)
 .debug_line    0x0000000000000000       0x1d c:/winavr-20100110/bin/../lib/gcc/avr/8.3.0/../../../../avr/lib/avr25/crtattiny85.o
 .debug_line    0x000000000000001d      0x4eb victoria-20-20t-exhaust-fan.o
 .debug_line    0x0000000000000508      0x77f ../../nb-libs/twis/interrupt-based/nb-usitwisl.o
 .debug_line    0x0000000000000c87       0x61 c:/winavr-20100110/bin/../lib/gcc/avr/8.3.0/avr25\libgcc.a(_exit.o)
 .debug_line    0x0000000000000ce8       0x97 c:/winavr-20100110/bin/../lib/gcc/avr/8.3.0/avr25\libgcc.a(_copy_data.o)
 .debug_line    0x0000000000000d7f       0x85 c:/winavr-20100110/bin/../lib/gcc/avr/8.3.0/avr25\libgcc.a(_clear_bss.o)

.debug_frame    0x0000000000000000      0x120
 *(.debug_frame)
 .debug_frame   0x0000000000000000       0x64 victoria-20-20t-exhaust-fan.o
 .debug_frame   0x0000000000000064       0xbc ../../nb-libs/twis/interrupt-based/nb-usitwisl.o

.debug_str      0x0000000000000000      0x738
 *(.debug_str)
 .debug_str     0x0000000000000000      0x169 c:/winavr-20100110/bin/../lib/gcc/avr/8.3.0/../../../../avr/lib/avr25/crtattiny85.o
 .debug_str     0x0000000000000169      0x24f victoria-20-20t-exhaust-fan.o
                                        0x283 (size before relaxing)
 .debug_str     0x00000000000003b8      0x321 ../../nb-libs/twis/interrupt-based/nb-usitwisl.o
                                        0x48a (size before relaxing)
 .debug_str     0x00000000000006d9       0x5f c:/winavr-20100110/bin/../lib/gcc/avr/8.3.0/avr25\libgcc.a(_exit.o)
 .debug_str     0x0000000000000738       0x5f c:/winavr-20100110/bin/../lib/gcc/avr/8.3.0/avr25\libgcc.a(_copy_data.o)
 .debug_str     0x0000000000000738       0x5f c:/winavr-20100110/bin/../lib/gcc/avr/8.3.0/avr25\libgcc.a(_clear_bss.o)

.debug_loc      0x0000000000000000       0x84
 *(.debug_loc)
 .debug_loc     0x0000000000000000       0x4e victoria-20-20t-exhaust-fan.o
 .debug_loc     0x000000000000004e       0x36 ../../nb-libs/twis/interrupt-based/nb-usitwisl.o

.debug_macinfo
 *(.debug_macinfo)

.debug_weaknames
 *(.debug_weaknames)

.debug_funcnames
 *(.debug_funcnames)

.debug_typenames
 *(.debug_typenames)

.debug_varnames
 *(.debug_varnames)

.debug_pubtypes
 *(.debug_pubtypes)

.debug_ranges   0x0000000000000000       0xf8
 *(.debug_ranges)
 .debug_ranges  0x0000000000000000       0x30 victoria-20-20t-exhaust-fan.o
 .debug_ranges  0x0000000000000030       0xc8 ../../nb-libs/twis/interrupt-based/nb-usitwisl.o

.debug_macro
 *(.debug_macro)

.debug_addr
 *(.debug_addr)
OUTPUT(victoria-20-20t-exhaust-fan.elf elf32-avr)
LOAD linker stubs
