GAS LISTING C:\Users\casanovg\AppData\Local\Temp\cc54V6oL.s 			page 1


   1               		.file	"nb-usitwisl-if.c"
   2               	__SP_H__ = 0x3e
   3               	__SP_L__ = 0x3d
   4               	__SREG__ = 0x3f
   5               	__tmp_reg__ = 0
   6               	__zero_reg__ = 1
   7               		.text
   8               	.Ltext0:
   9               		.cfi_sections	.debug_frame
  10               		.section	.text.UsiTwiSlaveInit,"ax",@progbits
  11               	.global	UsiTwiSlaveInit
  12               		.type	UsiTwiSlaveInit, @function
  13               	UsiTwiSlaveInit:
  14               	.LFB1:
  15               		.file 1 "../nb-libs-as1/nb-usitwisl-if.c"
   1:../nb-libs-as1/nb-usitwisl-if.c **** /*
   2:../nb-libs-as1/nb-usitwisl-if.c ****  *  Timonel USI TWI Driver (Interrupt-Free)  
   3:../nb-libs-as1/nb-usitwisl-if.c ****  *  ..................................................
   4:../nb-libs-as1/nb-usitwisl-if.c ****  *  Based on USITWISlave by Donald Blake
   5:../nb-libs-as1/nb-usitwisl-if.c ****  *  donblake at worldnet.att.net
   6:../nb-libs-as1/nb-usitwisl-if.c ****  *  .................................................. 
   7:../nb-libs-as1/nb-usitwisl-if.c ****  *  Adapted by Gustavo Casanova to work interrupt-free
   8:../nb-libs-as1/nb-usitwisl-if.c ****  *  2018-07-15 gustavo.casanova@nicebots.com
   9:../nb-libs-as1/nb-usitwisl-if.c ****  */
  10:../nb-libs-as1/nb-usitwisl-if.c **** 
  11:../nb-libs-as1/nb-usitwisl-if.c **** // Includes
  12:../nb-libs-as1/nb-usitwisl-if.c **** #include "nb-usitwisl-if.h"
  13:../nb-libs-as1/nb-usitwisl-if.c **** 
  14:../nb-libs-as1/nb-usitwisl-if.c **** // Device Dependent Defines
  15:../nb-libs-as1/nb-usitwisl-if.c **** #if defined(__AVR_ATtiny25__) | \
  16:../nb-libs-as1/nb-usitwisl-if.c ****     defined(__AVR_ATtiny45__) | \
  17:../nb-libs-as1/nb-usitwisl-if.c ****     defined(__AVR_ATtiny85__)
  18:../nb-libs-as1/nb-usitwisl-if.c **** #define DDR_USI DDRB
  19:../nb-libs-as1/nb-usitwisl-if.c **** #define PORT_USI PORTB
  20:../nb-libs-as1/nb-usitwisl-if.c **** #define PIN_USI PINB
  21:../nb-libs-as1/nb-usitwisl-if.c **** #define PORT_USI_SDA PB0
  22:../nb-libs-as1/nb-usitwisl-if.c **** #define PORT_USI_SCL PB2
  23:../nb-libs-as1/nb-usitwisl-if.c **** #define PIN_USI_SDA PINB0
  24:../nb-libs-as1/nb-usitwisl-if.c **** #define PIN_USI_SCL PINB2
  25:../nb-libs-as1/nb-usitwisl-if.c **** #define USI_START_COND_INT USISIF
  26:../nb-libs-as1/nb-usitwisl-if.c **** #define USI_START_VECTOR USI_START_vect
  27:../nb-libs-as1/nb-usitwisl-if.c **** #define USI_OVERFLOW_VECTOR USI_OVF_vect
  28:../nb-libs-as1/nb-usitwisl-if.c **** #endif
  29:../nb-libs-as1/nb-usitwisl-if.c **** 
  30:../nb-libs-as1/nb-usitwisl-if.c **** #if defined(__AVR_ATtiny2313__)
  31:../nb-libs-as1/nb-usitwisl-if.c **** #define DDR_USI DDRB
  32:../nb-libs-as1/nb-usitwisl-if.c **** #define PORT_USI PORTB
  33:../nb-libs-as1/nb-usitwisl-if.c **** #define PIN_USI PINB
  34:../nb-libs-as1/nb-usitwisl-if.c **** #define PORT_USI_SDA PB5
  35:../nb-libs-as1/nb-usitwisl-if.c **** #define PORT_USI_SCL PB7
  36:../nb-libs-as1/nb-usitwisl-if.c **** #define PIN_USI_SDA PINB5
  37:../nb-libs-as1/nb-usitwisl-if.c **** #define PIN_USI_SCL PINB7
  38:../nb-libs-as1/nb-usitwisl-if.c **** #define USI_START_COND_INT USISIF
  39:../nb-libs-as1/nb-usitwisl-if.c **** #define USI_START_VECTOR USI_START_vect
  40:../nb-libs-as1/nb-usitwisl-if.c **** #define USI_OVERFLOW_VECTOR USI_OVERFLOW_vect
  41:../nb-libs-as1/nb-usitwisl-if.c **** #endif
  42:../nb-libs-as1/nb-usitwisl-if.c **** 
GAS LISTING C:\Users\casanovg\AppData\Local\Temp\cc54V6oL.s 			page 2


  43:../nb-libs-as1/nb-usitwisl-if.c **** #if defined(__AVR_ATtiny84__) | \
  44:../nb-libs-as1/nb-usitwisl-if.c ****     defined(__AVR_ATtiny44__)
  45:../nb-libs-as1/nb-usitwisl-if.c **** #define DDR_USI DDRA
  46:../nb-libs-as1/nb-usitwisl-if.c **** #define PORT_USI PORTA
  47:../nb-libs-as1/nb-usitwisl-if.c **** #define PIN_USI PINA
  48:../nb-libs-as1/nb-usitwisl-if.c **** #define PORT_USI_SDA PORTA6
  49:../nb-libs-as1/nb-usitwisl-if.c **** #define PORT_USI_SCL PORTA4
  50:../nb-libs-as1/nb-usitwisl-if.c **** #define PIN_USI_SDA PINA6
  51:../nb-libs-as1/nb-usitwisl-if.c **** #define PIN_USI_SCL PINA4
  52:../nb-libs-as1/nb-usitwisl-if.c **** #define USI_START_COND_INT USISIF
  53:../nb-libs-as1/nb-usitwisl-if.c **** #define USI_START_VECTOR USI_START_vect
  54:../nb-libs-as1/nb-usitwisl-if.c **** #define USI_OVERFLOW_VECTOR USI_OVF_vect
  55:../nb-libs-as1/nb-usitwisl-if.c **** #endif
  56:../nb-libs-as1/nb-usitwisl-if.c **** 
  57:../nb-libs-as1/nb-usitwisl-if.c **** #if defined(__AVR_ATtiny26__)
  58:../nb-libs-as1/nb-usitwisl-if.c **** #define DDR_USI DDRB
  59:../nb-libs-as1/nb-usitwisl-if.c **** #define PORT_USI PORTB
  60:../nb-libs-as1/nb-usitwisl-if.c **** #define PIN_USI PINB
  61:../nb-libs-as1/nb-usitwisl-if.c **** #define PORT_USI_SDA PB0
  62:../nb-libs-as1/nb-usitwisl-if.c **** #define PORT_USI_SCL PB2
  63:../nb-libs-as1/nb-usitwisl-if.c **** #define PIN_USI_SDA PINB0
  64:../nb-libs-as1/nb-usitwisl-if.c **** #define PIN_USI_SCL PINB2
  65:../nb-libs-as1/nb-usitwisl-if.c **** #define USI_START_COND_INT USISIF
  66:../nb-libs-as1/nb-usitwisl-if.c **** #define USI_START_VECTOR USI_STRT_vect
  67:../nb-libs-as1/nb-usitwisl-if.c **** #define USI_OVERFLOW_VECTOR USI_OVF_vect
  68:../nb-libs-as1/nb-usitwisl-if.c **** #endif
  69:../nb-libs-as1/nb-usitwisl-if.c **** 
  70:../nb-libs-as1/nb-usitwisl-if.c **** #if defined(__AVR_ATtiny261__) | \
  71:../nb-libs-as1/nb-usitwisl-if.c ****     defined(__AVR_ATtiny461__) | \
  72:../nb-libs-as1/nb-usitwisl-if.c ****     defined(__AVR_ATtiny861__)
  73:../nb-libs-as1/nb-usitwisl-if.c **** #define DDR_USI DDRB
  74:../nb-libs-as1/nb-usitwisl-if.c **** #define PORT_USI PORTB
  75:../nb-libs-as1/nb-usitwisl-if.c **** #define PIN_USI PINB
  76:../nb-libs-as1/nb-usitwisl-if.c **** #define PORT_USI_SDA PB0
  77:../nb-libs-as1/nb-usitwisl-if.c **** #define PORT_USI_SCL PB2
  78:../nb-libs-as1/nb-usitwisl-if.c **** #define PIN_USI_SDA PINB0
  79:../nb-libs-as1/nb-usitwisl-if.c **** #define PIN_USI_SCL PINB2
  80:../nb-libs-as1/nb-usitwisl-if.c **** #define USI_START_COND_INT USISIF
  81:../nb-libs-as1/nb-usitwisl-if.c **** #define USI_START_VECTOR USI_START_vect
  82:../nb-libs-as1/nb-usitwisl-if.c **** #define USI_OVERFLOW_VECTOR USI_OVF_vect
  83:../nb-libs-as1/nb-usitwisl-if.c **** #endif
  84:../nb-libs-as1/nb-usitwisl-if.c **** 
  85:../nb-libs-as1/nb-usitwisl-if.c **** #if defined(__AVR_ATmega165__) |  \
  86:../nb-libs-as1/nb-usitwisl-if.c ****     defined(__AVR_ATmega325__) |  \
  87:../nb-libs-as1/nb-usitwisl-if.c ****     defined(__AVR_ATmega3250__) | \
  88:../nb-libs-as1/nb-usitwisl-if.c ****     defined(__AVR_ATmega645__) |  \
  89:../nb-libs-as1/nb-usitwisl-if.c ****     defined(__AVR_ATmega6450__) | \
  90:../nb-libs-as1/nb-usitwisl-if.c ****     defined(__AVR_ATmega329__) |  \
  91:../nb-libs-as1/nb-usitwisl-if.c ****     defined(__AVR_ATmega3290__)
  92:../nb-libs-as1/nb-usitwisl-if.c **** #define DDR_USI DDRE
  93:../nb-libs-as1/nb-usitwisl-if.c **** #define PORT_USI PORTE
  94:../nb-libs-as1/nb-usitwisl-if.c **** #define PIN_USI PINE
  95:../nb-libs-as1/nb-usitwisl-if.c **** #define PORT_USI_SDA PE5
  96:../nb-libs-as1/nb-usitwisl-if.c **** #define PORT_USI_SCL PE4
  97:../nb-libs-as1/nb-usitwisl-if.c **** #define PIN_USI_SDA PINE5
  98:../nb-libs-as1/nb-usitwisl-if.c **** #define PIN_USI_SCL PINE4
  99:../nb-libs-as1/nb-usitwisl-if.c **** #define USI_START_COND_INT USISIF
GAS LISTING C:\Users\casanovg\AppData\Local\Temp\cc54V6oL.s 			page 3


 100:../nb-libs-as1/nb-usitwisl-if.c **** #define USI_START_VECTOR USI_START_vect
 101:../nb-libs-as1/nb-usitwisl-if.c **** #define USI_OVERFLOW_VECTOR USI_OVERFLOW_vect
 102:../nb-libs-as1/nb-usitwisl-if.c **** #endif
 103:../nb-libs-as1/nb-usitwisl-if.c **** 
 104:../nb-libs-as1/nb-usitwisl-if.c **** #if defined(__AVR_ATmega169__)
 105:../nb-libs-as1/nb-usitwisl-if.c **** #define DDR_USI DDRE
 106:../nb-libs-as1/nb-usitwisl-if.c **** #define PORT_USI PORTE
 107:../nb-libs-as1/nb-usitwisl-if.c **** #define PIN_USI PINE
 108:../nb-libs-as1/nb-usitwisl-if.c **** #define PORT_USI_SDA PE5
 109:../nb-libs-as1/nb-usitwisl-if.c **** #define PORT_USI_SCL PE4
 110:../nb-libs-as1/nb-usitwisl-if.c **** #define PIN_USI_SDA PINE5
 111:../nb-libs-as1/nb-usitwisl-if.c **** #define PIN_USI_SCL PINE4
 112:../nb-libs-as1/nb-usitwisl-if.c **** #define USI_START_COND_INT USISIF
 113:../nb-libs-as1/nb-usitwisl-if.c **** #define USI_START_VECTOR USI_START_vect
 114:../nb-libs-as1/nb-usitwisl-if.c **** #define USI_OVERFLOW_VECTOR USI_OVERFLOW_vect
 115:../nb-libs-as1/nb-usitwisl-if.c **** #endif
 116:../nb-libs-as1/nb-usitwisl-if.c **** 
 117:../nb-libs-as1/nb-usitwisl-if.c **** #if defined(__AVR_ATtiny167__)
 118:../nb-libs-as1/nb-usitwisl-if.c **** #define DDR_USI DDRB
 119:../nb-libs-as1/nb-usitwisl-if.c **** #define PORT_USI PORTB
 120:../nb-libs-as1/nb-usitwisl-if.c **** #define PIN_USI PINB
 121:../nb-libs-as1/nb-usitwisl-if.c **** #define PORT_USI_SDA PB0
 122:../nb-libs-as1/nb-usitwisl-if.c **** #define PORT_USI_SCL PB2
 123:../nb-libs-as1/nb-usitwisl-if.c **** #define PIN_USI_SDA PINB0
 124:../nb-libs-as1/nb-usitwisl-if.c **** #define PIN_USI_SCL PINB2
 125:../nb-libs-as1/nb-usitwisl-if.c **** #define USI_START_COND_INT USISIF
 126:../nb-libs-as1/nb-usitwisl-if.c **** #define USI_START_VECTOR USI_START_vect
 127:../nb-libs-as1/nb-usitwisl-if.c **** #define USI_OVERFLOW_VECTOR USI_OVERFLOW_vect
 128:../nb-libs-as1/nb-usitwisl-if.c **** #endif
 129:../nb-libs-as1/nb-usitwisl-if.c **** 
 130:../nb-libs-as1/nb-usitwisl-if.c **** // SET_USI_TO_SEND_ACK Macro Function
 131:../nb-libs-as1/nb-usitwisl-if.c **** #define SET_USI_TO_SEND_ACK()                                       \
 132:../nb-libs-as1/nb-usitwisl-if.c ****     {                                                               \
 133:../nb-libs-as1/nb-usitwisl-if.c ****         USIDR = 0;                      /* Prepare ACK */           \
 134:../nb-libs-as1/nb-usitwisl-if.c ****         DDR_USI |= (1 << PORT_USI_SDA); /* Set SDA as output */     \
 135:../nb-libs-as1/nb-usitwisl-if.c ****         /* Clear all interrupt flags, except start condition */     \
 136:../nb-libs-as1/nb-usitwisl-if.c ****         USISR = (0 << USI_START_COND_INT) |                         \
 137:../nb-libs-as1/nb-usitwisl-if.c ****                 (1 << USIOIF) |                                     \
 138:../nb-libs-as1/nb-usitwisl-if.c ****                 (1 << USIPF) |                                      \
 139:../nb-libs-as1/nb-usitwisl-if.c ****                 (1 << USIDC) | /* set USI counter to shift 1 bit */ \
 140:../nb-libs-as1/nb-usitwisl-if.c ****                 (0x0E << USICNT0);                                  \
 141:../nb-libs-as1/nb-usitwisl-if.c ****     }
 142:../nb-libs-as1/nb-usitwisl-if.c **** 
 143:../nb-libs-as1/nb-usitwisl-if.c **** // SET_USI_TO_READ_ACK Macro Function
 144:../nb-libs-as1/nb-usitwisl-if.c **** #define SET_USI_TO_READ_ACK()                                       \
 145:../nb-libs-as1/nb-usitwisl-if.c ****     {                                                               \
 146:../nb-libs-as1/nb-usitwisl-if.c ****         USIDR = 0;                       /* Prepare ACK */          \
 147:../nb-libs-as1/nb-usitwisl-if.c ****         DDR_USI &= ~(1 << PORT_USI_SDA); /* set SDA as input */     \
 148:../nb-libs-as1/nb-usitwisl-if.c ****         /* Clear all interrupt flags, except start condition */     \
 149:../nb-libs-as1/nb-usitwisl-if.c ****         USISR = (0 << USI_START_COND_INT) |                         \
 150:../nb-libs-as1/nb-usitwisl-if.c ****                 (1 << USIOIF) |                                     \
 151:../nb-libs-as1/nb-usitwisl-if.c ****                 (1 << USIPF) |                                      \
 152:../nb-libs-as1/nb-usitwisl-if.c ****                 (1 << USIDC) | /* set USI counter to shift 1 bit */ \
 153:../nb-libs-as1/nb-usitwisl-if.c ****                 (0x0E << USICNT0);                                  \
 154:../nb-libs-as1/nb-usitwisl-if.c ****     }
 155:../nb-libs-as1/nb-usitwisl-if.c **** 
 156:../nb-libs-as1/nb-usitwisl-if.c **** // SET_USI_TO_TWI_START_CONDITION_MODE Macro Function
GAS LISTING C:\Users\casanovg\AppData\Local\Temp\cc54V6oL.s 			page 4


 157:../nb-libs-as1/nb-usitwisl-if.c **** #define SET_USI_TO_TWI_START_CONDITION_MODE()                                                      
 158:../nb-libs-as1/nb-usitwisl-if.c ****     {                                                                                              
 159:../nb-libs-as1/nb-usitwisl-if.c ****         USICR =                                                                                    
 160:../nb-libs-as1/nb-usitwisl-if.c ****             (1 << USISIE) | (0 << USIOIE) |                                                        
 161:../nb-libs-as1/nb-usitwisl-if.c ****             (1 << USIWM1) | (0 << USIWM0) | /* Shift register clock Source = external, positive edg
 162:../nb-libs-as1/nb-usitwisl-if.c ****             (1 << USICS1) | (0 << USICS0) | (0 << USICLK) |                                        
 163:../nb-libs-as1/nb-usitwisl-if.c ****             (0 << USITC);                                                                          
 164:../nb-libs-as1/nb-usitwisl-if.c ****         USISR = /* clear all interrupt flags, except start condition */                            
 165:../nb-libs-as1/nb-usitwisl-if.c ****             (0 << USI_START_COND_INT) | (1 << USIOIF) | (1 << USIPF) |                             
 166:../nb-libs-as1/nb-usitwisl-if.c ****             (1 << USIDC) | (0x0 << USICNT0);                                                       
 167:../nb-libs-as1/nb-usitwisl-if.c ****     }
 168:../nb-libs-as1/nb-usitwisl-if.c **** 
 169:../nb-libs-as1/nb-usitwisl-if.c **** // SET_USI_TO_SEND_DATA Macro Function
 170:../nb-libs-as1/nb-usitwisl-if.c **** #define SET_USI_TO_SEND_DATA()                                         \
 171:../nb-libs-as1/nb-usitwisl-if.c ****     {                                                                  \
 172:../nb-libs-as1/nb-usitwisl-if.c ****         /* Set SDA as output */                                        \
 173:../nb-libs-as1/nb-usitwisl-if.c ****         DDR_USI |= (1 << PORT_USI_SDA);                                \
 174:../nb-libs-as1/nb-usitwisl-if.c ****         /* Clear all interrupt flags, except start condition */        \
 175:../nb-libs-as1/nb-usitwisl-if.c ****         USISR =                                                        \
 176:../nb-libs-as1/nb-usitwisl-if.c ****             (0 << USI_START_COND_INT) | (1 << USIOIF) | (1 << USIPF) | \
 177:../nb-libs-as1/nb-usitwisl-if.c ****             (1 << USIDC) | /* set USI to shift out 8 bits */           \
 178:../nb-libs-as1/nb-usitwisl-if.c ****             (0x0 << USICNT0);                                          \
 179:../nb-libs-as1/nb-usitwisl-if.c ****     }
 180:../nb-libs-as1/nb-usitwisl-if.c **** 
 181:../nb-libs-as1/nb-usitwisl-if.c **** // SET_USI_TO_READ_DATA Macro Function
 182:../nb-libs-as1/nb-usitwisl-if.c **** #define SET_USI_TO_READ_DATA()                                              \
 183:../nb-libs-as1/nb-usitwisl-if.c ****     {                                                                       \
 184:../nb-libs-as1/nb-usitwisl-if.c ****         /* Set SDA as input */                                              \
 185:../nb-libs-as1/nb-usitwisl-if.c ****         DDR_USI &= ~(1 << PORT_USI_SDA);                                    \
 186:../nb-libs-as1/nb-usitwisl-if.c ****         /* Clear all interrupt flags, except start condition */             \
 187:../nb-libs-as1/nb-usitwisl-if.c ****         USISR =                                                             \
 188:../nb-libs-as1/nb-usitwisl-if.c ****             (0 << USI_START_COND_INT) | (1 << USIOIF) |                     \
 189:../nb-libs-as1/nb-usitwisl-if.c ****             (1 << USIPF) | (1 << USIDC) | /* Set USI to shift out 8 bits */ \
 190:../nb-libs-as1/nb-usitwisl-if.c ****             (0x0 << USICNT0);                                               \
 191:../nb-libs-as1/nb-usitwisl-if.c ****     }
 192:../nb-libs-as1/nb-usitwisl-if.c **** 
 193:../nb-libs-as1/nb-usitwisl-if.c **** // USI_RECEIVE_CALLBACK Macro Function
 194:../nb-libs-as1/nb-usitwisl-if.c **** #define USI_RECEIVE_CALLBACK()                                       \
 195:../nb-libs-as1/nb-usitwisl-if.c ****     {                                                                \
 196:../nb-libs-as1/nb-usitwisl-if.c ****         if (Usi_onReceivePtr) {                                      \
 197:../nb-libs-as1/nb-usitwisl-if.c ****             if (UsiTwiAmountDataInReceiveBuffer()) {                 \
 198:../nb-libs-as1/nb-usitwisl-if.c ****                 Usi_onReceivePtr(UsiTwiAmountDataInReceiveBuffer()); \
 199:../nb-libs-as1/nb-usitwisl-if.c ****             }                                                        \
 200:../nb-libs-as1/nb-usitwisl-if.c ****         }                                                            \
 201:../nb-libs-as1/nb-usitwisl-if.c ****     }
 202:../nb-libs-as1/nb-usitwisl-if.c **** 
 203:../nb-libs-as1/nb-usitwisl-if.c **** // ONSTOP_USI_RECEIVE_CALLBACK Macro Function
 204:../nb-libs-as1/nb-usitwisl-if.c **** #define ONSTOP_USI_RECEIVE_CALLBACK() \
 205:../nb-libs-as1/nb-usitwisl-if.c ****     {                                 \
 206:../nb-libs-as1/nb-usitwisl-if.c ****         if (USISR & (1 << USIPF)) {   \
 207:../nb-libs-as1/nb-usitwisl-if.c ****             USI_RECEIVE_CALLBACK();   \
 208:../nb-libs-as1/nb-usitwisl-if.c ****         }                             \
 209:../nb-libs-as1/nb-usitwisl-if.c ****     }
 210:../nb-libs-as1/nb-usitwisl-if.c **** 
 211:../nb-libs-as1/nb-usitwisl-if.c **** // USI_REQUEST_CALLBACK Macro Function
 212:../nb-libs-as1/nb-usitwisl-if.c **** #define USI_REQUEST_CALLBACK()  \
 213:../nb-libs-as1/nb-usitwisl-if.c ****     {                           \
GAS LISTING C:\Users\casanovg\AppData\Local\Temp\cc54V6oL.s 			page 5


 214:../nb-libs-as1/nb-usitwisl-if.c ****         USI_RECEIVE_CALLBACK(); \
 215:../nb-libs-as1/nb-usitwisl-if.c ****         if (Usi_onRequestPtr) { \
 216:../nb-libs-as1/nb-usitwisl-if.c ****             Usi_onRequestPtr(); \
 217:../nb-libs-as1/nb-usitwisl-if.c ****         }                       \
 218:../nb-libs-as1/nb-usitwisl-if.c ****     }
 219:../nb-libs-as1/nb-usitwisl-if.c **** 
 220:../nb-libs-as1/nb-usitwisl-if.c **** // Data Type definitions
 221:../nb-libs-as1/nb-usitwisl-if.c **** typedef enum {
 222:../nb-libs-as1/nb-usitwisl-if.c ****     USI_SLAVE_CHECK_ADDRESS = 0x00,
 223:../nb-libs-as1/nb-usitwisl-if.c ****     USI_SLAVE_SEND_DATA = 0x01,
 224:../nb-libs-as1/nb-usitwisl-if.c ****     USI_SLAVE_REQUEST_REPLY_FROM_SEND_DATA = 0x02,
 225:../nb-libs-as1/nb-usitwisl-if.c ****     USI_SLAVE_CHECK_REPLY_FROM_SEND_DATA = 0x03,
 226:../nb-libs-as1/nb-usitwisl-if.c ****     USI_SLAVE_REQUEST_DATA = 0x04,
 227:../nb-libs-as1/nb-usitwisl-if.c ****     USI_SLAVE_GET_DATA_AND_SEND_ACK = 0x05
 228:../nb-libs-as1/nb-usitwisl-if.c **** } overflowState_t;
 229:../nb-libs-as1/nb-usitwisl-if.c **** 
 230:../nb-libs-as1/nb-usitwisl-if.c **** // Local variables
 231:../nb-libs-as1/nb-usitwisl-if.c **** static uint8_t slaveAddress;
 232:../nb-libs-as1/nb-usitwisl-if.c **** static volatile overflowState_t overflowState;
 233:../nb-libs-as1/nb-usitwisl-if.c **** 
 234:../nb-libs-as1/nb-usitwisl-if.c **** static uint8_t rxBuf[TWI_RX_BUFFER_SIZE];
 235:../nb-libs-as1/nb-usitwisl-if.c **** static volatile uint8_t rxHead;
 236:../nb-libs-as1/nb-usitwisl-if.c **** static volatile uint8_t rxTail;
 237:../nb-libs-as1/nb-usitwisl-if.c **** static volatile uint8_t rxCount;
 238:../nb-libs-as1/nb-usitwisl-if.c **** 
 239:../nb-libs-as1/nb-usitwisl-if.c **** static uint8_t txBuf[TWI_TX_BUFFER_SIZE];
 240:../nb-libs-as1/nb-usitwisl-if.c **** static volatile uint8_t txHead;
 241:../nb-libs-as1/nb-usitwisl-if.c **** static volatile uint8_t txTail;
 242:../nb-libs-as1/nb-usitwisl-if.c **** static volatile uint8_t txCount;
 243:../nb-libs-as1/nb-usitwisl-if.c **** 
 244:../nb-libs-as1/nb-usitwisl-if.c **** // Function FlushTwiBuffers
 245:../nb-libs-as1/nb-usitwisl-if.c **** static void FlushTwiBuffers(void) {
 246:../nb-libs-as1/nb-usitwisl-if.c ****     rxTail = 0;
 247:../nb-libs-as1/nb-usitwisl-if.c ****     rxHead = 0;
 248:../nb-libs-as1/nb-usitwisl-if.c ****     rxCount = 0;
 249:../nb-libs-as1/nb-usitwisl-if.c ****     txTail = 0;
 250:../nb-libs-as1/nb-usitwisl-if.c ****     txHead = 0;
 251:../nb-libs-as1/nb-usitwisl-if.c ****     txCount = 0;
 252:../nb-libs-as1/nb-usitwisl-if.c **** }
 253:../nb-libs-as1/nb-usitwisl-if.c **** 
 254:../nb-libs-as1/nb-usitwisl-if.c **** // Initialize USI for TWI slave mode
 255:../nb-libs-as1/nb-usitwisl-if.c **** 
 256:../nb-libs-as1/nb-usitwisl-if.c **** // Function UsiTwiSlaveInit
 257:../nb-libs-as1/nb-usitwisl-if.c **** void UsiTwiSlaveInit(uint8_t ownAddress) {
  16               		.loc 1 257 0
  17               		.cfi_startproc
  18               	.LVL0:
  19               	/* prologue: function */
  20               	/* frame size = 0 */
  21               	/* stack size = 0 */
  22               	.L__stack_usage = 0
  23               	.LBB4:
  24               	.LBB5:
 246:../nb-libs-as1/nb-usitwisl-if.c ****     rxHead = 0;
  25               		.loc 1 246 0
  26 0000 1092 0000 		sts rxTail,__zero_reg__
 247:../nb-libs-as1/nb-usitwisl-if.c ****     rxCount = 0;
GAS LISTING C:\Users\casanovg\AppData\Local\Temp\cc54V6oL.s 			page 6


  27               		.loc 1 247 0
  28 0004 1092 0000 		sts rxHead,__zero_reg__
 248:../nb-libs-as1/nb-usitwisl-if.c ****     txTail = 0;
  29               		.loc 1 248 0
  30 0008 1092 0000 		sts rxCount,__zero_reg__
 249:../nb-libs-as1/nb-usitwisl-if.c ****     txHead = 0;
  31               		.loc 1 249 0
  32 000c 1092 0000 		sts txTail,__zero_reg__
 250:../nb-libs-as1/nb-usitwisl-if.c ****     txCount = 0;
  33               		.loc 1 250 0
  34 0010 1092 0000 		sts txHead,__zero_reg__
 251:../nb-libs-as1/nb-usitwisl-if.c **** }
  35               		.loc 1 251 0
  36 0014 1092 0000 		sts txCount,__zero_reg__
  37               	.LBE5:
  38               	.LBE4:
 258:../nb-libs-as1/nb-usitwisl-if.c ****     FlushTwiBuffers();
 259:../nb-libs-as1/nb-usitwisl-if.c ****     slaveAddress = ownAddress;
  39               		.loc 1 259 0
  40 0018 8093 0000 		sts slaveAddress,r24
 260:../nb-libs-as1/nb-usitwisl-if.c **** 
 261:../nb-libs-as1/nb-usitwisl-if.c ****     // In Two Wire mode (USIWM1, USIWM0 = 1X), the slave USI will pull SCL
 262:../nb-libs-as1/nb-usitwisl-if.c ****     // low when a start condition is detected or a counter overflow (only
 263:../nb-libs-as1/nb-usitwisl-if.c ****     // for USIWM1, USIWM0 = 11).  This inserts a wait state.  SCL is released
 264:../nb-libs-as1/nb-usitwisl-if.c ****     // by the ISRs (USI_START_vect and USI_OVERFLOW_vect).
 265:../nb-libs-as1/nb-usitwisl-if.c **** 
 266:../nb-libs-as1/nb-usitwisl-if.c ****     // Set SCL and SDA as output
 267:../nb-libs-as1/nb-usitwisl-if.c ****     DDR_USI |= (1 << PORT_USI_SCL) | (1 << PORT_USI_SDA);
  41               		.loc 1 267 0
  42 001c 87B3      		in r24,0x17
  43               	.LVL1:
  44 001e 8560      		ori r24,lo8(5)
  45 0020 87BB      		out 0x17,r24
  46               	.LVL2:
 268:../nb-libs-as1/nb-usitwisl-if.c **** 
 269:../nb-libs-as1/nb-usitwisl-if.c ****     // set SCL high
 270:../nb-libs-as1/nb-usitwisl-if.c ****     PORT_USI |= (1 << PORT_USI_SCL);
  47               		.loc 1 270 0
  48 0022 C29A      		sbi 0x18,2
 271:../nb-libs-as1/nb-usitwisl-if.c **** 
 272:../nb-libs-as1/nb-usitwisl-if.c ****     // set SDA high
 273:../nb-libs-as1/nb-usitwisl-if.c ****     PORT_USI |= (1 << PORT_USI_SDA);
  49               		.loc 1 273 0
  50 0024 C09A      		sbi 0x18,0
 274:../nb-libs-as1/nb-usitwisl-if.c **** 
 275:../nb-libs-as1/nb-usitwisl-if.c ****     // Set SDA as input
 276:../nb-libs-as1/nb-usitwisl-if.c ****     DDR_USI &= ~(1 << PORT_USI_SDA);
  51               		.loc 1 276 0
  52 0026 B898      		cbi 0x17,0
 277:../nb-libs-as1/nb-usitwisl-if.c **** 
 278:../nb-libs-as1/nb-usitwisl-if.c ****     USICR =
  53               		.loc 1 278 0
  54 0028 88EA      		ldi r24,lo8(-88)
  55 002a 8DB9      		out 0xd,r24
 279:../nb-libs-as1/nb-usitwisl-if.c ****         // enable Start Condition Interrupt
 280:../nb-libs-as1/nb-usitwisl-if.c ****         (1 << USISIE) |
 281:../nb-libs-as1/nb-usitwisl-if.c ****         // disable Overflow Interrupt
GAS LISTING C:\Users\casanovg\AppData\Local\Temp\cc54V6oL.s 			page 7


 282:../nb-libs-as1/nb-usitwisl-if.c ****         (0 << USIOIE) |
 283:../nb-libs-as1/nb-usitwisl-if.c ****         // set USI in Two-wire mode, no USI Counter overflow hold
 284:../nb-libs-as1/nb-usitwisl-if.c ****         (1 << USIWM1) | (0 << USIWM0) |
 285:../nb-libs-as1/nb-usitwisl-if.c ****         // Shift Register Clock Source = external, positive edge
 286:../nb-libs-as1/nb-usitwisl-if.c ****         // 4-Bit Counter Source = external, both edges
 287:../nb-libs-as1/nb-usitwisl-if.c ****         (1 << USICS1) | (0 << USICS0) | (0 << USICLK) |
 288:../nb-libs-as1/nb-usitwisl-if.c ****         // no toggle clock-port pin
 289:../nb-libs-as1/nb-usitwisl-if.c ****         (0 << USITC);
 290:../nb-libs-as1/nb-usitwisl-if.c **** 
 291:../nb-libs-as1/nb-usitwisl-if.c ****     // Clear all interrupt flags and reset overflow counter
 292:../nb-libs-as1/nb-usitwisl-if.c ****     USISR = (1 << USI_START_COND_INT) | (1 << USIOIF) | (1 << USIPF) | (1 << USIDC);
  56               		.loc 1 292 0
  57 002c 80EF      		ldi r24,lo8(-16)
  58 002e 8EB9      		out 0xe,r24
  59 0030 0895      		ret
  60               		.cfi_endproc
  61               	.LFE1:
  62               		.size	UsiTwiSlaveInit, .-UsiTwiSlaveInit
  63               		.section	.text.UsiTwiDataInTransmitBuffer,"ax",@progbits
  64               	.global	UsiTwiDataInTransmitBuffer
  65               		.type	UsiTwiDataInTransmitBuffer, @function
  66               	UsiTwiDataInTransmitBuffer:
  67               	.LFB2:
 293:../nb-libs-as1/nb-usitwisl-if.c **** }
 294:../nb-libs-as1/nb-usitwisl-if.c **** 
 295:../nb-libs-as1/nb-usitwisl-if.c **** // Function UsiTwiDataInTransmitBuffer
 296:../nb-libs-as1/nb-usitwisl-if.c **** bool UsiTwiDataInTransmitBuffer(void) {
  68               		.loc 1 296 0
  69               		.cfi_startproc
  70               	/* prologue: function */
  71               	/* frame size = 0 */
  72               	/* stack size = 0 */
  73               	.L__stack_usage = 0
 297:../nb-libs-as1/nb-usitwisl-if.c ****     // return 0 (false) if the receive buffer is empty
 298:../nb-libs-as1/nb-usitwisl-if.c ****     return txCount;
  74               		.loc 1 298 0
  75 0000 9091 0000 		lds r25,txCount
  76 0004 81E0      		ldi r24,lo8(1)
  77 0006 9111      		cpse r25,__zero_reg__
  78 0008 00C0      		rjmp .L3
  79 000a 80E0      		ldi r24,0
  80               	.L3:
 299:../nb-libs-as1/nb-usitwisl-if.c **** }
  81               		.loc 1 299 0
  82 000c 0895      		ret
  83               		.cfi_endproc
  84               	.LFE2:
  85               		.size	UsiTwiDataInTransmitBuffer, .-UsiTwiDataInTransmitBuffer
  86               		.section	.text.UsiTwiTransmitByte,"ax",@progbits
  87               	.global	UsiTwiTransmitByte
  88               		.type	UsiTwiTransmitByte, @function
  89               	UsiTwiTransmitByte:
  90               	.LFB3:
 300:../nb-libs-as1/nb-usitwisl-if.c **** 
 301:../nb-libs-as1/nb-usitwisl-if.c **** // Function UsiTwiTransmitByte
 302:../nb-libs-as1/nb-usitwisl-if.c **** void UsiTwiTransmitByte(uint8_t data) {
  91               		.loc 1 302 0
GAS LISTING C:\Users\casanovg\AppData\Local\Temp\cc54V6oL.s 			page 8


  92               		.cfi_startproc
  93               	/* prologue: function */
  94               	/* frame size = 0 */
  95               	/* stack size = 0 */
  96               	.L__stack_usage = 0
  97               	.LVL3:
  98               	.L6:
 303:../nb-libs-as1/nb-usitwisl-if.c ****     // GC: ---> uint8_t tmphead;
 304:../nb-libs-as1/nb-usitwisl-if.c **** 
 305:../nb-libs-as1/nb-usitwisl-if.c ****     // Wait for free space in buffer
 306:../nb-libs-as1/nb-usitwisl-if.c ****     while (txCount == TWI_TX_BUFFER_SIZE) {
  99               		.loc 1 306 0 discriminator 1
 100 0000 9091 0000 		lds r25,txCount
 101 0004 9031      		cpi r25,lo8(16)
 102 0006 01F0      		breq .L6
 307:../nb-libs-as1/nb-usitwisl-if.c ****         // Nothing
 308:../nb-libs-as1/nb-usitwisl-if.c ****     };
 309:../nb-libs-as1/nb-usitwisl-if.c **** 
 310:../nb-libs-as1/nb-usitwisl-if.c ****     // Store data in buffer
 311:../nb-libs-as1/nb-usitwisl-if.c ****     txBuf[txHead] = data;
 103               		.loc 1 311 0
 104 0008 E091 0000 		lds r30,txHead
 105 000c F0E0      		ldi r31,0
 106 000e E050      		subi r30,lo8(-(txBuf))
 107 0010 F040      		sbci r31,hi8(-(txBuf))
 108 0012 8083      		st Z,r24
 312:../nb-libs-as1/nb-usitwisl-if.c ****     txHead = (txHead + 1) & TWI_TX_BUFFER_MASK;
 109               		.loc 1 312 0
 110 0014 8091 0000 		lds r24,txHead
 111               	.LVL4:
 112 0018 8F5F      		subi r24,lo8(-(1))
 113 001a 8F70      		andi r24,lo8(15)
 114 001c 8093 0000 		sts txHead,r24
 313:../nb-libs-as1/nb-usitwisl-if.c ****     txCount++;
 115               		.loc 1 313 0
 116 0020 8091 0000 		lds r24,txCount
 117 0024 8F5F      		subi r24,lo8(-(1))
 118 0026 8093 0000 		sts txCount,r24
 119 002a 0895      		ret
 120               		.cfi_endproc
 121               	.LFE3:
 122               		.size	UsiTwiTransmitByte, .-UsiTwiTransmitByte
 123               		.section	.text.UsiTwiReceiveByte,"ax",@progbits
 124               	.global	UsiTwiReceiveByte
 125               		.type	UsiTwiReceiveByte, @function
 126               	UsiTwiReceiveByte:
 127               	.LFB4:
 314:../nb-libs-as1/nb-usitwisl-if.c **** }
 315:../nb-libs-as1/nb-usitwisl-if.c **** 
 316:../nb-libs-as1/nb-usitwisl-if.c **** // Function UsiTwiReceiveByte
 317:../nb-libs-as1/nb-usitwisl-if.c **** uint8_t UsiTwiReceiveByte(void) {
 128               		.loc 1 317 0
 129               		.cfi_startproc
 130               	/* prologue: function */
 131               	/* frame size = 0 */
 132               	/* stack size = 0 */
 133               	.L__stack_usage = 0
GAS LISTING C:\Users\casanovg\AppData\Local\Temp\cc54V6oL.s 			page 9


 134               	.L9:
 318:../nb-libs-as1/nb-usitwisl-if.c ****     uint8_t rtn_byte;
 319:../nb-libs-as1/nb-usitwisl-if.c ****     // wait for Rx data
 320:../nb-libs-as1/nb-usitwisl-if.c ****     while (!rxCount) {
 135               		.loc 1 320 0 discriminator 1
 136 0000 8091 0000 		lds r24,rxCount
 137 0004 8823      		tst r24
 138 0006 01F0      		breq .L9
 321:../nb-libs-as1/nb-usitwisl-if.c ****         // Nothing
 322:../nb-libs-as1/nb-usitwisl-if.c ****     };
 323:../nb-libs-as1/nb-usitwisl-if.c **** 
 324:../nb-libs-as1/nb-usitwisl-if.c ****     rtn_byte = rxBuf[rxTail];
 139               		.loc 1 324 0
 140 0008 E091 0000 		lds r30,rxTail
 141 000c F0E0      		ldi r31,0
 142 000e E050      		subi r30,lo8(-(rxBuf))
 143 0010 F040      		sbci r31,hi8(-(rxBuf))
 144 0012 8081      		ld r24,Z
 145               	.LVL5:
 325:../nb-libs-as1/nb-usitwisl-if.c ****     // calculate buffer index
 326:../nb-libs-as1/nb-usitwisl-if.c ****     rxTail = (rxTail + 1) & TWI_RX_BUFFER_MASK;
 146               		.loc 1 326 0
 147 0014 9091 0000 		lds r25,rxTail
 148 0018 9F5F      		subi r25,lo8(-(1))
 149 001a 9F70      		andi r25,lo8(15)
 150 001c 9093 0000 		sts rxTail,r25
 327:../nb-libs-as1/nb-usitwisl-if.c ****     rxCount--;
 151               		.loc 1 327 0
 152 0020 9091 0000 		lds r25,rxCount
 153 0024 9150      		subi r25,lo8(-(-1))
 154 0026 9093 0000 		sts rxCount,r25
 328:../nb-libs-as1/nb-usitwisl-if.c **** 
 329:../nb-libs-as1/nb-usitwisl-if.c ****     // return data from the buffer.
 330:../nb-libs-as1/nb-usitwisl-if.c ****     return rtn_byte;
 331:../nb-libs-as1/nb-usitwisl-if.c **** }
 155               		.loc 1 331 0
 156 002a 0895      		ret
 157               		.cfi_endproc
 158               	.LFE4:
 159               		.size	UsiTwiReceiveByte, .-UsiTwiReceiveByte
 160               		.section	.text.UsiTwiAmountDataInReceiveBuffer,"ax",@progbits
 161               	.global	UsiTwiAmountDataInReceiveBuffer
 162               		.type	UsiTwiAmountDataInReceiveBuffer, @function
 163               	UsiTwiAmountDataInReceiveBuffer:
 164               	.LFB5:
 332:../nb-libs-as1/nb-usitwisl-if.c **** 
 333:../nb-libs-as1/nb-usitwisl-if.c **** // Function UsiTwiAmountDataInReceiveBuffer
 334:../nb-libs-as1/nb-usitwisl-if.c **** uint8_t UsiTwiAmountDataInReceiveBuffer(void) {
 165               		.loc 1 334 0
 166               		.cfi_startproc
 167               	/* prologue: function */
 168               	/* frame size = 0 */
 169               	/* stack size = 0 */
 170               	.L__stack_usage = 0
 335:../nb-libs-as1/nb-usitwisl-if.c ****     return rxCount;
 171               		.loc 1 335 0
 172 0000 8091 0000 		lds r24,rxCount
GAS LISTING C:\Users\casanovg\AppData\Local\Temp\cc54V6oL.s 			page 10


 336:../nb-libs-as1/nb-usitwisl-if.c **** }
 173               		.loc 1 336 0
 174 0004 0895      		ret
 175               		.cfi_endproc
 176               	.LFE5:
 177               		.size	UsiTwiAmountDataInReceiveBuffer, .-UsiTwiAmountDataInReceiveBuffer
 178               		.section	.text.UsiStartHandler,"ax",@progbits
 179               	.global	UsiStartHandler
 180               		.type	UsiStartHandler, @function
 181               	UsiStartHandler:
 182               	.LFB6:
 337:../nb-libs-as1/nb-usitwisl-if.c **** 
 338:../nb-libs-as1/nb-usitwisl-if.c **** // Function UsiStartHandler
 339:../nb-libs-as1/nb-usitwisl-if.c **** // GC: Interrupt-like function
 340:../nb-libs-as1/nb-usitwisl-if.c **** void UsiStartHandler(void) {
 183               		.loc 1 340 0
 184               		.cfi_startproc
 185               	/* prologue: function */
 186               	/* frame size = 0 */
 187               	/* stack size = 0 */
 188               	.L__stack_usage = 0
 341:../nb-libs-as1/nb-usitwisl-if.c ****     // This triggers on second write, but claims to the callback there is only *one* byte in buffer
 342:../nb-libs-as1/nb-usitwisl-if.c ****     //ONSTOP_USI_RECEIVE_CALLBACK();
 343:../nb-libs-as1/nb-usitwisl-if.c **** 
 344:../nb-libs-as1/nb-usitwisl-if.c ****     // This triggers on second write, but claims to the callback there is only *one* byte in buffer
 345:../nb-libs-as1/nb-usitwisl-if.c ****     //USI_RECEIVE_CALLBACK();
 346:../nb-libs-as1/nb-usitwisl-if.c **** 
 347:../nb-libs-as1/nb-usitwisl-if.c ****     // set default starting conditions for new TWI package
 348:../nb-libs-as1/nb-usitwisl-if.c ****     overflowState = USI_SLAVE_CHECK_ADDRESS;
 189               		.loc 1 348 0
 190 0000 1092 0000 		sts overflowState,__zero_reg__
 349:../nb-libs-as1/nb-usitwisl-if.c **** 
 350:../nb-libs-as1/nb-usitwisl-if.c ****     // set SDA as input
 351:../nb-libs-as1/nb-usitwisl-if.c ****     DDR_USI &= ~(1 << PORT_USI_SDA);
 191               		.loc 1 351 0
 192 0004 B898      		cbi 0x17,0
 193               	.L14:
 352:../nb-libs-as1/nb-usitwisl-if.c **** 
 353:../nb-libs-as1/nb-usitwisl-if.c ****     // wait for SCL to go low to ensure the Start Condition has completed (the
 354:../nb-libs-as1/nb-usitwisl-if.c ****     // start detector will hold SCL low ) - if a Stop Condition arises then leave
 355:../nb-libs-as1/nb-usitwisl-if.c ****     // the interrupt to prevent waiting forever - don't use USISR to test for Stop
 356:../nb-libs-as1/nb-usitwisl-if.c ****     // Condition as in Application Note AVR312 because the Stop Condition Flag is
 357:../nb-libs-as1/nb-usitwisl-if.c ****     // going to be set from the last TWI sequence
 358:../nb-libs-as1/nb-usitwisl-if.c ****     while (
 194               		.loc 1 358 0 discriminator 1
 195 0006 B29B      		sbis 0x16,2
 196 0008 00C0      		rjmp .L13
 359:../nb-libs-as1/nb-usitwisl-if.c ****         // SCL his high
 360:../nb-libs-as1/nb-usitwisl-if.c ****         (PIN_USI & (1 << PIN_USI_SCL)) &&
 197               		.loc 1 360 0
 198 000a B09B      		sbis 0x16,0
 199 000c 00C0      		rjmp .L14
 200               	.L13:
 361:../nb-libs-as1/nb-usitwisl-if.c ****         // and SDA is low
 362:../nb-libs-as1/nb-usitwisl-if.c ****         !((PIN_USI & (1 << PIN_USI_SDA))))
 363:../nb-libs-as1/nb-usitwisl-if.c ****         ;
 364:../nb-libs-as1/nb-usitwisl-if.c **** 
GAS LISTING C:\Users\casanovg\AppData\Local\Temp\cc54V6oL.s 			page 11


 365:../nb-libs-as1/nb-usitwisl-if.c ****     if (!(PIN_USI & (1 << PIN_USI_SDA))) {
 201               		.loc 1 365 0
 202 000e B099      		sbic 0x16,0
 203 0010 00C0      		rjmp .L15
 366:../nb-libs-as1/nb-usitwisl-if.c ****         // a Stop Condition did not occur
 367:../nb-libs-as1/nb-usitwisl-if.c **** 
 368:../nb-libs-as1/nb-usitwisl-if.c ****         USICR =
 204               		.loc 1 368 0
 205 0012 88EF      		ldi r24,lo8(-8)
 206 0014 00C0      		rjmp .L21
 207               	.L15:
 369:../nb-libs-as1/nb-usitwisl-if.c ****             // keep Start Condition Interrupt enabled to detect RESTART
 370:../nb-libs-as1/nb-usitwisl-if.c ****             (1 << USISIE) |
 371:../nb-libs-as1/nb-usitwisl-if.c ****             // enable Overflow Interrupt
 372:../nb-libs-as1/nb-usitwisl-if.c ****             (1 << USIOIE) |
 373:../nb-libs-as1/nb-usitwisl-if.c ****             // set USI in Two-wire mode, hold SCL low on USI Counter overflow
 374:../nb-libs-as1/nb-usitwisl-if.c ****             (1 << USIWM1) | (1 << USIWM0) |
 375:../nb-libs-as1/nb-usitwisl-if.c ****             // Shift Register Clock Source = External, positive edge
 376:../nb-libs-as1/nb-usitwisl-if.c ****             // 4-Bit Counter Source = external, both edges
 377:../nb-libs-as1/nb-usitwisl-if.c ****             (1 << USICS1) | (0 << USICS0) | (0 << USICLK) |
 378:../nb-libs-as1/nb-usitwisl-if.c ****             // no toggle clock-port pin
 379:../nb-libs-as1/nb-usitwisl-if.c ****             (0 << USITC);
 380:../nb-libs-as1/nb-usitwisl-if.c ****     } else {
 381:../nb-libs-as1/nb-usitwisl-if.c ****         // a Stop Condition did occur
 382:../nb-libs-as1/nb-usitwisl-if.c **** 
 383:../nb-libs-as1/nb-usitwisl-if.c ****         USICR =
 208               		.loc 1 383 0
 209 0016 88EA      		ldi r24,lo8(-88)
 210               	.L21:
 211 0018 8DB9      		out 0xd,r24
 384:../nb-libs-as1/nb-usitwisl-if.c ****             // enable Start Condition Interrupt
 385:../nb-libs-as1/nb-usitwisl-if.c ****             (1 << USISIE) |
 386:../nb-libs-as1/nb-usitwisl-if.c ****             // disable Overflow Interrupt
 387:../nb-libs-as1/nb-usitwisl-if.c ****             (0 << USIOIE) |
 388:../nb-libs-as1/nb-usitwisl-if.c ****             // set USI in Two-wire mode, no USI Counter overflow hold
 389:../nb-libs-as1/nb-usitwisl-if.c ****             (1 << USIWM1) | (0 << USIWM0) |
 390:../nb-libs-as1/nb-usitwisl-if.c ****             // Shift Register Clock Source = external, positive edge
 391:../nb-libs-as1/nb-usitwisl-if.c ****             // 4-Bit Counter Source = external, both edges
 392:../nb-libs-as1/nb-usitwisl-if.c ****             (1 << USICS1) | (0 << USICS0) | (0 << USICLK) |
 393:../nb-libs-as1/nb-usitwisl-if.c ****             // no toggle clock-port pin
 394:../nb-libs-as1/nb-usitwisl-if.c ****             (0 << USITC);
 395:../nb-libs-as1/nb-usitwisl-if.c ****     }
 396:../nb-libs-as1/nb-usitwisl-if.c **** 
 397:../nb-libs-as1/nb-usitwisl-if.c ****     USISR =
 212               		.loc 1 397 0
 213 001a 80EF      		ldi r24,lo8(-16)
 214 001c 8EB9      		out 0xe,r24
 398:../nb-libs-as1/nb-usitwisl-if.c ****         // clear interrupt flags - resetting the Start Condition Flag will
 399:../nb-libs-as1/nb-usitwisl-if.c ****         // release SCL
 400:../nb-libs-as1/nb-usitwisl-if.c ****         (1 << USI_START_COND_INT) | (1 << USIOIF) |
 401:../nb-libs-as1/nb-usitwisl-if.c ****         (1 << USIPF) | (1 << USIDC) |
 402:../nb-libs-as1/nb-usitwisl-if.c ****         // set USI to sample 8 bits (count 16 external SCL pin toggles)
 403:../nb-libs-as1/nb-usitwisl-if.c ****         (0x0 << USICNT0);
 404:../nb-libs-as1/nb-usitwisl-if.c **** 
 405:../nb-libs-as1/nb-usitwisl-if.c ****     USISR |= (1 << USISIF); /* Reset the USI start flag in USISR register to prepare for new ints *
 215               		.loc 1 405 0
 216 001e 779A      		sbi 0xe,7
GAS LISTING C:\Users\casanovg\AppData\Local\Temp\cc54V6oL.s 			page 12


 217 0020 0895      		ret
 218               		.cfi_endproc
 219               	.LFE6:
 220               		.size	UsiStartHandler, .-UsiStartHandler
 221               		.section	.text.UsiOverflowHandler,"ax",@progbits
 222               	.global	UsiOverflowHandler
 223               		.type	UsiOverflowHandler, @function
 224               	UsiOverflowHandler:
 225               	.LFB7:
 406:../nb-libs-as1/nb-usitwisl-if.c **** }
 407:../nb-libs-as1/nb-usitwisl-if.c **** 
 408:../nb-libs-as1/nb-usitwisl-if.c **** // Function UsiOverflowHandler
 409:../nb-libs-as1/nb-usitwisl-if.c **** // GC: Interrupt-like function
 410:../nb-libs-as1/nb-usitwisl-if.c **** void UsiOverflowHandler(void) {
 226               		.loc 1 410 0
 227               		.cfi_startproc
 228               	/* prologue: function */
 229               	/* frame size = 0 */
 230               	/* stack size = 0 */
 231               	.L__stack_usage = 0
 411:../nb-libs-as1/nb-usitwisl-if.c ****     switch (overflowState) {
 232               		.loc 1 411 0
 233 0000 8091 0000 		lds r24,overflowState
 234 0004 8230      		cpi r24,lo8(2)
 235 0006 01F4      		brne .+2
 236 0008 00C0      		rjmp .L24
 237 000a 00F4      		brsh .L25
 238 000c 8823      		tst r24
 239 000e 01F0      		breq .L26
 240 0010 8130      		cpi r24,lo8(1)
 241 0012 01F0      		breq .L27
 242 0014 00C0      		rjmp .L23
 243               	.L25:
 244 0016 8430      		cpi r24,lo8(4)
 245 0018 01F4      		brne .+2
 246 001a 00C0      		rjmp .L28
 247 001c 00F0      		brlo .L29
 248 001e 8530      		cpi r24,lo8(5)
 249 0020 01F4      		brne .+2
 250 0022 00C0      		rjmp .L30
 251 0024 00C0      		rjmp .L23
 252               	.L26:
 412:../nb-libs-as1/nb-usitwisl-if.c ****         // Address mode: check address and send ACK (and next USI_SLAVE_SEND_DATA) if OK,
 413:../nb-libs-as1/nb-usitwisl-if.c ****         // else reset USI
 414:../nb-libs-as1/nb-usitwisl-if.c ****         case USI_SLAVE_CHECK_ADDRESS: {
 415:../nb-libs-as1/nb-usitwisl-if.c ****             // #############################################################
 416:../nb-libs-as1/nb-usitwisl-if.c ****             // # GC: Disable this device answers to "general calls"
 417:../nb-libs-as1/nb-usitwisl-if.c ****             // #############################################################
 418:../nb-libs-as1/nb-usitwisl-if.c ****             //if ( ( USIDR == 0 ) || ( ( USIDR >> 1 ) == slaveAddress) ) {
 419:../nb-libs-as1/nb-usitwisl-if.c ****             if (((USIDR >> 1) & 0x3F) == slaveAddress) {
 253               		.loc 1 419 0
 254 0026 8FB1      		in r24,0xf
 255 0028 8695      		lsr r24
 256 002a 8F73      		andi r24,lo8(63)
 257 002c 9091 0000 		lds r25,slaveAddress
 258 0030 8913      		cpse r24,r25
 259 0032 00C0      		rjmp .L31
GAS LISTING C:\Users\casanovg\AppData\Local\Temp\cc54V6oL.s 			page 13


 420:../nb-libs-as1/nb-usitwisl-if.c ****                 if (USIDR & 0x01) {
 260               		.loc 1 420 0
 261 0034 789B      		sbis 0xf,0
 262 0036 00C0      		rjmp .L38
 421:../nb-libs-as1/nb-usitwisl-if.c ****                     USI_REQUEST_CALLBACK();
 263               		.loc 1 421 0
 264 0038 E091 0000 		lds r30,Usi_onReceivePtr
 265 003c F091 0000 		lds r31,Usi_onReceivePtr+1
 266 0040 3097      		sbiw r30,0
 267 0042 01F0      		breq .L33
 268               	.LBB10:
 269               	.LBB11:
 335:../nb-libs-as1/nb-usitwisl-if.c **** }
 270               		.loc 1 335 0
 271 0044 8091 0000 		lds r24,rxCount
 272               	.LBE11:
 273               	.LBE10:
 274               		.loc 1 421 0
 275 0048 8823      		tst r24
 276 004a 01F0      		breq .L33
 277               	.LBB12:
 278               	.LBB13:
 335:../nb-libs-as1/nb-usitwisl-if.c **** }
 279               		.loc 1 335 0 discriminator 3
 280 004c 8091 0000 		lds r24,rxCount
 281               	.LBE13:
 282               	.LBE12:
 283               		.loc 1 421 0 discriminator 3
 284 0050 0995      		icall
 285               	.LVL6:
 286               	.L33:
 287               		.loc 1 421 0 is_stmt 0 discriminator 5
 288 0052 E091 0000 		lds r30,Usi_onRequestPtr
 289 0056 F091 0000 		lds r31,Usi_onRequestPtr+1
 290 005a 3097      		sbiw r30,0
 291 005c 01F0      		breq .L34
 292               		.loc 1 421 0 discriminator 6
 293 005e 0995      		icall
 294               	.LVL7:
 295               	.L34:
 422:../nb-libs-as1/nb-usitwisl-if.c ****                     overflowState = USI_SLAVE_SEND_DATA;
 296               		.loc 1 422 0 is_stmt 1
 297 0060 81E0      		ldi r24,lo8(1)
 298 0062 00C0      		rjmp .L59
 299               	.L31:
 423:../nb-libs-as1/nb-usitwisl-if.c ****                 } else {
 424:../nb-libs-as1/nb-usitwisl-if.c ****                     overflowState = USI_SLAVE_REQUEST_DATA;
 425:../nb-libs-as1/nb-usitwisl-if.c ****                 }
 426:../nb-libs-as1/nb-usitwisl-if.c ****                 SET_USI_TO_SEND_ACK();
 427:../nb-libs-as1/nb-usitwisl-if.c ****             } else {
 428:../nb-libs-as1/nb-usitwisl-if.c ****                 SET_USI_TO_TWI_START_CONDITION_MODE();
 300               		.loc 1 428 0
 301 0064 88EA      		ldi r24,lo8(-88)
 302 0066 8DB9      		out 0xd,r24
 303 0068 00C0      		rjmp .L60
 304               	.L29:
 429:../nb-libs-as1/nb-usitwisl-if.c ****             }
GAS LISTING C:\Users\casanovg\AppData\Local\Temp\cc54V6oL.s 			page 14


 430:../nb-libs-as1/nb-usitwisl-if.c ****             break;
 431:../nb-libs-as1/nb-usitwisl-if.c ****         }
 432:../nb-libs-as1/nb-usitwisl-if.c ****         // Master write data mode: check reply and goto USI_SLAVE_SEND_DATA if OK,
 433:../nb-libs-as1/nb-usitwisl-if.c ****         // else reset USI
 434:../nb-libs-as1/nb-usitwisl-if.c ****         case USI_SLAVE_CHECK_REPLY_FROM_SEND_DATA: {
 435:../nb-libs-as1/nb-usitwisl-if.c ****             if (USIDR) {
 305               		.loc 1 435 0
 306 006a 8FB1      		in r24,0xf
 307 006c 8111      		cpse r24,__zero_reg__
 308 006e 00C0      		rjmp .L58
 309               	.L27:
 436:../nb-libs-as1/nb-usitwisl-if.c ****                 // if NACK, the master does not want more data
 437:../nb-libs-as1/nb-usitwisl-if.c ****                 SET_USI_TO_TWI_START_CONDITION_MODE();
 438:../nb-libs-as1/nb-usitwisl-if.c ****                 return;
 439:../nb-libs-as1/nb-usitwisl-if.c ****             }
 440:../nb-libs-as1/nb-usitwisl-if.c ****         }
 441:../nb-libs-as1/nb-usitwisl-if.c ****         // From here we just drop straight into USI_SLAVE_SEND_DATA if the
 442:../nb-libs-as1/nb-usitwisl-if.c ****         // master sent an ACK
 443:../nb-libs-as1/nb-usitwisl-if.c **** 
 444:../nb-libs-as1/nb-usitwisl-if.c ****         // Copy data from buffer to USIDR and set USI to shift byte
 445:../nb-libs-as1/nb-usitwisl-if.c ****         // Next USI_SLAVE_REQUEST_REPLY_FROM_SEND_DATA
 446:../nb-libs-as1/nb-usitwisl-if.c ****         case USI_SLAVE_SEND_DATA: {
 447:../nb-libs-as1/nb-usitwisl-if.c ****             // Get data from Buffer
 448:../nb-libs-as1/nb-usitwisl-if.c ****             if (txCount) {
 310               		.loc 1 448 0
 311 0070 8091 0000 		lds r24,txCount
 312 0074 8823      		tst r24
 313 0076 01F0      		breq .L37
 449:../nb-libs-as1/nb-usitwisl-if.c ****                 USIDR = txBuf[txTail];
 314               		.loc 1 449 0
 315 0078 E091 0000 		lds r30,txTail
 316 007c F0E0      		ldi r31,0
 317 007e E050      		subi r30,lo8(-(txBuf))
 318 0080 F040      		sbci r31,hi8(-(txBuf))
 319 0082 8081      		ld r24,Z
 320 0084 8FB9      		out 0xf,r24
 450:../nb-libs-as1/nb-usitwisl-if.c ****                 txTail = (txTail + 1) & TWI_TX_BUFFER_MASK;
 321               		.loc 1 450 0
 322 0086 8091 0000 		lds r24,txTail
 323 008a 8F5F      		subi r24,lo8(-(1))
 324 008c 8F70      		andi r24,lo8(15)
 325 008e 8093 0000 		sts txTail,r24
 451:../nb-libs-as1/nb-usitwisl-if.c ****                 txCount--;
 326               		.loc 1 451 0
 327 0092 8091 0000 		lds r24,txCount
 328 0096 8150      		subi r24,lo8(-(-1))
 329 0098 8093 0000 		sts txCount,r24
 452:../nb-libs-as1/nb-usitwisl-if.c ****             } else {
 453:../nb-libs-as1/nb-usitwisl-if.c ****                 // The buffer is empty
 454:../nb-libs-as1/nb-usitwisl-if.c ****                 SET_USI_TO_READ_ACK();  // This might be necessary sometimes see http://www.avrfrea
 455:../nb-libs-as1/nb-usitwisl-if.c ****                 SET_USI_TO_TWI_START_CONDITION_MODE();
 456:../nb-libs-as1/nb-usitwisl-if.c ****                 return;
 457:../nb-libs-as1/nb-usitwisl-if.c ****             }
 458:../nb-libs-as1/nb-usitwisl-if.c ****             overflowState = USI_SLAVE_REQUEST_REPLY_FROM_SEND_DATA;
 330               		.loc 1 458 0
 331 009c 82E0      		ldi r24,lo8(2)
 332 009e 8093 0000 		sts overflowState,r24
GAS LISTING C:\Users\casanovg\AppData\Local\Temp\cc54V6oL.s 			page 15


 459:../nb-libs-as1/nb-usitwisl-if.c ****             SET_USI_TO_SEND_DATA();
 333               		.loc 1 459 0
 334 00a2 B89A      		sbi 0x17,0
 335 00a4 00C0      		rjmp .L60
 336               	.L37:
 454:../nb-libs-as1/nb-usitwisl-if.c ****                 SET_USI_TO_TWI_START_CONDITION_MODE();
 337               		.loc 1 454 0
 338 00a6 1FB8      		out 0xf,__zero_reg__
 339 00a8 B898      		cbi 0x17,0
 340 00aa 8EE7      		ldi r24,lo8(126)
 341 00ac 8EB9      		out 0xe,r24
 342               	.L58:
 455:../nb-libs-as1/nb-usitwisl-if.c ****                 return;
 343               		.loc 1 455 0
 344 00ae 88EA      		ldi r24,lo8(-88)
 345 00b0 8DB9      		out 0xd,r24
 346 00b2 80E7      		ldi r24,lo8(112)
 347 00b4 8EB9      		out 0xe,r24
 456:../nb-libs-as1/nb-usitwisl-if.c ****             }
 348               		.loc 1 456 0
 349 00b6 0895      		ret
 350               	.L24:
 460:../nb-libs-as1/nb-usitwisl-if.c ****             break;
 461:../nb-libs-as1/nb-usitwisl-if.c ****         }
 462:../nb-libs-as1/nb-usitwisl-if.c **** 
 463:../nb-libs-as1/nb-usitwisl-if.c ****         // Set USI to sample reply from master
 464:../nb-libs-as1/nb-usitwisl-if.c ****         // Next USI_SLAVE_CHECK_REPLY_FROM_SEND_DATA
 465:../nb-libs-as1/nb-usitwisl-if.c ****         case USI_SLAVE_REQUEST_REPLY_FROM_SEND_DATA: {
 466:../nb-libs-as1/nb-usitwisl-if.c ****             overflowState = USI_SLAVE_CHECK_REPLY_FROM_SEND_DATA;
 351               		.loc 1 466 0
 352 00b8 83E0      		ldi r24,lo8(3)
 353 00ba 8093 0000 		sts overflowState,r24
 467:../nb-libs-as1/nb-usitwisl-if.c ****             SET_USI_TO_READ_ACK();
 354               		.loc 1 467 0
 355 00be 1FB8      		out 0xf,__zero_reg__
 356 00c0 B898      		cbi 0x17,0
 357 00c2 00C0      		rjmp .L57
 358               	.L28:
 468:../nb-libs-as1/nb-usitwisl-if.c ****             break;
 469:../nb-libs-as1/nb-usitwisl-if.c ****         }
 470:../nb-libs-as1/nb-usitwisl-if.c **** 
 471:../nb-libs-as1/nb-usitwisl-if.c ****         // Master read data mode: set USI to sample data from master, next
 472:../nb-libs-as1/nb-usitwisl-if.c ****         // USI_SLAVE_GET_DATA_AND_SEND_ACK
 473:../nb-libs-as1/nb-usitwisl-if.c ****         case USI_SLAVE_REQUEST_DATA: {
 474:../nb-libs-as1/nb-usitwisl-if.c ****             overflowState = USI_SLAVE_GET_DATA_AND_SEND_ACK;
 359               		.loc 1 474 0
 360 00c4 85E0      		ldi r24,lo8(5)
 361 00c6 8093 0000 		sts overflowState,r24
 475:../nb-libs-as1/nb-usitwisl-if.c ****             SET_USI_TO_READ_DATA();
 362               		.loc 1 475 0
 363 00ca B898      		cbi 0x17,0
 364               	.L60:
 365 00cc 80E7      		ldi r24,lo8(112)
 366 00ce 00C0      		rjmp .L56
 367               	.L30:
 476:../nb-libs-as1/nb-usitwisl-if.c ****             break;
 477:../nb-libs-as1/nb-usitwisl-if.c ****         }
GAS LISTING C:\Users\casanovg\AppData\Local\Temp\cc54V6oL.s 			page 16


 478:../nb-libs-as1/nb-usitwisl-if.c ****         // Copy data from USIDR and send ACK
 479:../nb-libs-as1/nb-usitwisl-if.c ****         // Next USI_SLAVE_REQUEST_DATA
 480:../nb-libs-as1/nb-usitwisl-if.c ****         case USI_SLAVE_GET_DATA_AND_SEND_ACK: {
 481:../nb-libs-as1/nb-usitwisl-if.c ****             // put data into buffer
 482:../nb-libs-as1/nb-usitwisl-if.c ****             // check buffer size
 483:../nb-libs-as1/nb-usitwisl-if.c ****             if (rxCount < TWI_RX_BUFFER_SIZE) {
 368               		.loc 1 483 0
 369 00d0 8091 0000 		lds r24,rxCount
 370 00d4 8031      		cpi r24,lo8(16)
 371 00d6 00F4      		brsh .L38
 484:../nb-libs-as1/nb-usitwisl-if.c ****                 rxBuf[rxHead] = USIDR;
 372               		.loc 1 484 0
 373 00d8 E091 0000 		lds r30,rxHead
 374 00dc 8FB1      		in r24,0xf
 375 00de F0E0      		ldi r31,0
 376 00e0 E050      		subi r30,lo8(-(rxBuf))
 377 00e2 F040      		sbci r31,hi8(-(rxBuf))
 378 00e4 8083      		st Z,r24
 485:../nb-libs-as1/nb-usitwisl-if.c ****                 rxHead = (rxHead + 1) & TWI_RX_BUFFER_MASK;
 379               		.loc 1 485 0
 380 00e6 8091 0000 		lds r24,rxHead
 381 00ea 8F5F      		subi r24,lo8(-(1))
 382 00ec 8F70      		andi r24,lo8(15)
 383 00ee 8093 0000 		sts rxHead,r24
 486:../nb-libs-as1/nb-usitwisl-if.c ****                 rxCount++;
 384               		.loc 1 486 0
 385 00f2 8091 0000 		lds r24,rxCount
 386 00f6 8F5F      		subi r24,lo8(-(1))
 387 00f8 8093 0000 		sts rxCount,r24
 388               	.L38:
 487:../nb-libs-as1/nb-usitwisl-if.c ****             } else {
 488:../nb-libs-as1/nb-usitwisl-if.c ****                 // Overrun
 489:../nb-libs-as1/nb-usitwisl-if.c ****                 // Drop data
 490:../nb-libs-as1/nb-usitwisl-if.c ****             }
 491:../nb-libs-as1/nb-usitwisl-if.c ****             // Next USI_SLAVE_REQUEST_DATA
 492:../nb-libs-as1/nb-usitwisl-if.c ****             overflowState = USI_SLAVE_REQUEST_DATA;
 389               		.loc 1 492 0
 390 00fc 84E0      		ldi r24,lo8(4)
 391               	.L59:
 392 00fe 8093 0000 		sts overflowState,r24
 493:../nb-libs-as1/nb-usitwisl-if.c ****             SET_USI_TO_SEND_ACK();
 393               		.loc 1 493 0
 394 0102 1FB8      		out 0xf,__zero_reg__
 395 0104 B89A      		sbi 0x17,0
 396               	.L57:
 397 0106 8EE7      		ldi r24,lo8(126)
 398               	.L56:
 399 0108 8EB9      		out 0xe,r24
 400               	.L23:
 494:../nb-libs-as1/nb-usitwisl-if.c ****             break;
 495:../nb-libs-as1/nb-usitwisl-if.c ****         }
 496:../nb-libs-as1/nb-usitwisl-if.c ****     }
 497:../nb-libs-as1/nb-usitwisl-if.c **** 
 498:../nb-libs-as1/nb-usitwisl-if.c ****     USISR |= (1 << USIOIF); /* Reset the USI overflow flag in USISR register to prepare for new int
 401               		.loc 1 498 0
 402 010a 769A      		sbi 0xe,6
 403 010c 0895      		ret
GAS LISTING C:\Users\casanovg\AppData\Local\Temp\cc54V6oL.s 			page 17


 404               		.cfi_endproc
 405               	.LFE7:
 406               		.size	UsiOverflowHandler, .-UsiOverflowHandler
 407               		.section	.bss.txCount,"aw",@nobits
 408               		.type	txCount, @object
 409               		.size	txCount, 1
 410               	txCount:
 411 0000 00        		.zero	1
 412               		.section	.bss.txTail,"aw",@nobits
 413               		.type	txTail, @object
 414               		.size	txTail, 1
 415               	txTail:
 416 0000 00        		.zero	1
 417               		.section	.bss.txHead,"aw",@nobits
 418               		.type	txHead, @object
 419               		.size	txHead, 1
 420               	txHead:
 421 0000 00        		.zero	1
 422               		.section	.bss.txBuf,"aw",@nobits
 423               		.type	txBuf, @object
 424               		.size	txBuf, 16
 425               	txBuf:
 426 0000 0000 0000 		.zero	16
 426      0000 0000 
 426      0000 0000 
 426      0000 0000 
 427               		.section	.bss.rxCount,"aw",@nobits
 428               		.type	rxCount, @object
 429               		.size	rxCount, 1
 430               	rxCount:
 431 0000 00        		.zero	1
 432               		.section	.bss.rxTail,"aw",@nobits
 433               		.type	rxTail, @object
 434               		.size	rxTail, 1
 435               	rxTail:
 436 0000 00        		.zero	1
 437               		.section	.bss.rxHead,"aw",@nobits
 438               		.type	rxHead, @object
 439               		.size	rxHead, 1
 440               	rxHead:
 441 0000 00        		.zero	1
 442               		.section	.bss.rxBuf,"aw",@nobits
 443               		.type	rxBuf, @object
 444               		.size	rxBuf, 16
 445               	rxBuf:
 446 0000 0000 0000 		.zero	16
 446      0000 0000 
 446      0000 0000 
 446      0000 0000 
 447               		.section	.bss.overflowState,"aw",@nobits
 448               		.type	overflowState, @object
 449               		.size	overflowState, 1
 450               	overflowState:
 451 0000 00        		.zero	1
 452               		.section	.bss.slaveAddress,"aw",@nobits
 453               		.type	slaveAddress, @object
 454               		.size	slaveAddress, 1
GAS LISTING C:\Users\casanovg\AppData\Local\Temp\cc54V6oL.s 			page 18


 455               	slaveAddress:
 456 0000 00        		.zero	1
 457               		.comm	Usi_onReceivePtr,2,1
 458               		.comm	Usi_onRequestPtr,2,1
 459               		.text
 460               	.Letext0:
 461               		.file 2 "c:\\program files (x86)\\atmel\\studio\\7.0\\toolchain\\avr8\\avr8-gnu-toolchain\\avr\\in
 462               		.file 3 "../nb-libs-as1/nb-usitwisl-if.h"
 463               		.section	.debug_info,"",@progbits
 464               	.Ldebug_info0:
 465 0000 E302 0000 		.long	0x2e3
 466 0004 0200      		.word	0x2
 467 0006 0000 0000 		.long	.Ldebug_abbrev0
 468 000a 04        		.byte	0x4
 469 000b 01        		.uleb128 0x1
 470 000c 0000 0000 		.long	.LASF35
 471 0010 0C        		.byte	0xc
 472 0011 0000 0000 		.long	.LASF36
 473 0015 0000 0000 		.long	.LASF37
 474 0019 0000 0000 		.long	.Ldebug_ranges0+0
 475 001d 0000 0000 		.long	0
 476 0021 0000 0000 		.long	0
 477 0025 0000 0000 		.long	.Ldebug_line0
 478 0029 02        		.uleb128 0x2
 479 002a 01        		.byte	0x1
 480 002b 06        		.byte	0x6
 481 002c 0000 0000 		.long	.LASF0
 482 0030 03        		.uleb128 0x3
 483 0031 0000 0000 		.long	.LASF13
 484 0035 02        		.byte	0x2
 485 0036 7E        		.byte	0x7e
 486 0037 3B00 0000 		.long	0x3b
 487 003b 02        		.uleb128 0x2
 488 003c 01        		.byte	0x1
 489 003d 08        		.byte	0x8
 490 003e 0000 0000 		.long	.LASF1
 491 0042 04        		.uleb128 0x4
 492 0043 02        		.byte	0x2
 493 0044 05        		.byte	0x5
 494 0045 696E 7400 		.string	"int"
 495 0049 02        		.uleb128 0x2
 496 004a 02        		.byte	0x2
 497 004b 07        		.byte	0x7
 498 004c 0000 0000 		.long	.LASF2
 499 0050 02        		.uleb128 0x2
 500 0051 04        		.byte	0x4
 501 0052 05        		.byte	0x5
 502 0053 0000 0000 		.long	.LASF3
 503 0057 02        		.uleb128 0x2
 504 0058 04        		.byte	0x4
 505 0059 07        		.byte	0x7
 506 005a 0000 0000 		.long	.LASF4
 507 005e 02        		.uleb128 0x2
 508 005f 08        		.byte	0x8
 509 0060 05        		.byte	0x5
 510 0061 0000 0000 		.long	.LASF5
 511 0065 02        		.uleb128 0x2
GAS LISTING C:\Users\casanovg\AppData\Local\Temp\cc54V6oL.s 			page 19


 512 0066 08        		.byte	0x8
 513 0067 07        		.byte	0x7
 514 0068 0000 0000 		.long	.LASF6
 515 006c 05        		.uleb128 0x5
 516 006d 01        		.byte	0x1
 517 006e 3B00 0000 		.long	0x3b
 518 0072 01        		.byte	0x1
 519 0073 DD        		.byte	0xdd
 520 0074 9D00 0000 		.long	0x9d
 521 0078 06        		.uleb128 0x6
 522 0079 0000 0000 		.long	.LASF7
 523 007d 00        		.byte	0
 524 007e 06        		.uleb128 0x6
 525 007f 0000 0000 		.long	.LASF8
 526 0083 01        		.byte	0x1
 527 0084 06        		.uleb128 0x6
 528 0085 0000 0000 		.long	.LASF9
 529 0089 02        		.byte	0x2
 530 008a 06        		.uleb128 0x6
 531 008b 0000 0000 		.long	.LASF10
 532 008f 03        		.byte	0x3
 533 0090 06        		.uleb128 0x6
 534 0091 0000 0000 		.long	.LASF11
 535 0095 04        		.byte	0x4
 536 0096 06        		.uleb128 0x6
 537 0097 0000 0000 		.long	.LASF12
 538 009b 05        		.byte	0x5
 539 009c 00        		.byte	0
 540 009d 03        		.uleb128 0x3
 541 009e 0000 0000 		.long	.LASF14
 542 00a2 01        		.byte	0x1
 543 00a3 E4        		.byte	0xe4
 544 00a4 6C00 0000 		.long	0x6c
 545 00a8 07        		.uleb128 0x7
 546 00a9 0000 0000 		.long	.LASF38
 547 00ad 01        		.byte	0x1
 548 00ae F5        		.byte	0xf5
 549 00af 01        		.byte	0x1
 550 00b0 01        		.byte	0x1
 551 00b1 08        		.uleb128 0x8
 552 00b2 01        		.byte	0x1
 553 00b3 0000 0000 		.long	.LASF16
 554 00b7 01        		.byte	0x1
 555 00b8 0101      		.word	0x101
 556 00ba 01        		.byte	0x1
 557 00bb 0000 0000 		.long	.LFB1
 558 00bf 0000 0000 		.long	.LFE1
 559 00c3 03        		.byte	0x3
 560 00c4 92        		.byte	0x92
 561 00c5 20        		.uleb128 0x20
 562 00c6 02        		.sleb128 2
 563 00c7 01        		.byte	0x1
 564 00c8 ED00 0000 		.long	0xed
 565 00cc 09        		.uleb128 0x9
 566 00cd 0000 0000 		.long	.LASF18
 567 00d1 01        		.byte	0x1
 568 00d2 0101      		.word	0x101
GAS LISTING C:\Users\casanovg\AppData\Local\Temp\cc54V6oL.s 			page 20


 569 00d4 3000 0000 		.long	0x30
 570 00d8 0000 0000 		.long	.LLST0
 571 00dc 0A        		.uleb128 0xa
 572 00dd A800 0000 		.long	0xa8
 573 00e1 0000 0000 		.long	.LBB4
 574 00e5 0000 0000 		.long	.LBE4
 575 00e9 01        		.byte	0x1
 576 00ea 0201      		.word	0x102
 577 00ec 00        		.byte	0
 578 00ed 0B        		.uleb128 0xb
 579 00ee 01        		.byte	0x1
 580 00ef 0000 0000 		.long	.LASF39
 581 00f3 01        		.byte	0x1
 582 00f4 2801      		.word	0x128
 583 00f6 01        		.byte	0x1
 584 00f7 0801 0000 		.long	0x108
 585 00fb 0000 0000 		.long	.LFB2
 586 00ff 0000 0000 		.long	.LFE2
 587 0103 03        		.byte	0x3
 588 0104 92        		.byte	0x92
 589 0105 20        		.uleb128 0x20
 590 0106 02        		.sleb128 2
 591 0107 01        		.byte	0x1
 592 0108 02        		.uleb128 0x2
 593 0109 01        		.byte	0x1
 594 010a 02        		.byte	0x2
 595 010b 0000 0000 		.long	.LASF15
 596 010f 08        		.uleb128 0x8
 597 0110 01        		.byte	0x1
 598 0111 0000 0000 		.long	.LASF17
 599 0115 01        		.byte	0x1
 600 0116 2E01      		.word	0x12e
 601 0118 01        		.byte	0x1
 602 0119 0000 0000 		.long	.LFB3
 603 011d 0000 0000 		.long	.LFE3
 604 0121 03        		.byte	0x3
 605 0122 92        		.byte	0x92
 606 0123 20        		.uleb128 0x20
 607 0124 02        		.sleb128 2
 608 0125 01        		.byte	0x1
 609 0126 3B01 0000 		.long	0x13b
 610 012a 09        		.uleb128 0x9
 611 012b 0000 0000 		.long	.LASF19
 612 012f 01        		.byte	0x1
 613 0130 2E01      		.word	0x12e
 614 0132 3000 0000 		.long	0x30
 615 0136 0000 0000 		.long	.LLST1
 616 013a 00        		.byte	0
 617 013b 0C        		.uleb128 0xc
 618 013c 01        		.byte	0x1
 619 013d 0000 0000 		.long	.LASF40
 620 0141 01        		.byte	0x1
 621 0142 3D01      		.word	0x13d
 622 0144 01        		.byte	0x1
 623 0145 3000 0000 		.long	0x30
 624 0149 0000 0000 		.long	.LFB4
 625 014d 0000 0000 		.long	.LFE4
GAS LISTING C:\Users\casanovg\AppData\Local\Temp\cc54V6oL.s 			page 21


 626 0151 03        		.byte	0x3
 627 0152 92        		.byte	0x92
 628 0153 20        		.uleb128 0x20
 629 0154 02        		.sleb128 2
 630 0155 01        		.byte	0x1
 631 0156 6901 0000 		.long	0x169
 632 015a 0D        		.uleb128 0xd
 633 015b 0000 0000 		.long	.LASF21
 634 015f 01        		.byte	0x1
 635 0160 3E01      		.word	0x13e
 636 0162 3000 0000 		.long	0x30
 637 0166 01        		.byte	0x1
 638 0167 68        		.byte	0x68
 639 0168 00        		.byte	0
 640 0169 0E        		.uleb128 0xe
 641 016a 01        		.byte	0x1
 642 016b 0000 0000 		.long	.LASF41
 643 016f 01        		.byte	0x1
 644 0170 4E01      		.word	0x14e
 645 0172 01        		.byte	0x1
 646 0173 3000 0000 		.long	0x30
 647 0177 01        		.byte	0x1
 648 0178 0F        		.uleb128 0xf
 649 0179 6901 0000 		.long	0x169
 650 017d 0000 0000 		.long	.LFB5
 651 0181 0000 0000 		.long	.LFE5
 652 0185 03        		.byte	0x3
 653 0186 92        		.byte	0x92
 654 0187 20        		.uleb128 0x20
 655 0188 02        		.sleb128 2
 656 0189 01        		.byte	0x1
 657 018a 10        		.uleb128 0x10
 658 018b 01        		.byte	0x1
 659 018c 0000 0000 		.long	.LASF42
 660 0190 01        		.byte	0x1
 661 0191 5401      		.word	0x154
 662 0193 01        		.byte	0x1
 663 0194 0000 0000 		.long	.LFB6
 664 0198 0000 0000 		.long	.LFE6
 665 019c 03        		.byte	0x3
 666 019d 92        		.byte	0x92
 667 019e 20        		.uleb128 0x20
 668 019f 02        		.sleb128 2
 669 01a0 01        		.byte	0x1
 670 01a1 11        		.uleb128 0x11
 671 01a2 01        		.byte	0x1
 672 01a3 0000 0000 		.long	.LASF20
 673 01a7 01        		.byte	0x1
 674 01a8 9A01      		.word	0x19a
 675 01aa 01        		.byte	0x1
 676 01ab 0000 0000 		.long	.LFB7
 677 01af 0000 0000 		.long	.LFE7
 678 01b3 03        		.byte	0x3
 679 01b4 92        		.byte	0x92
 680 01b5 20        		.uleb128 0x20
 681 01b6 02        		.sleb128 2
 682 01b7 01        		.byte	0x1
GAS LISTING C:\Users\casanovg\AppData\Local\Temp\cc54V6oL.s 			page 22


 683 01b8 DD01 0000 		.long	0x1dd
 684 01bc 0A        		.uleb128 0xa
 685 01bd 6901 0000 		.long	0x169
 686 01c1 0000 0000 		.long	.LBB10
 687 01c5 0000 0000 		.long	.LBE10
 688 01c9 01        		.byte	0x1
 689 01ca A501      		.word	0x1a5
 690 01cc 0A        		.uleb128 0xa
 691 01cd 6901 0000 		.long	0x169
 692 01d1 0000 0000 		.long	.LBB12
 693 01d5 0000 0000 		.long	.LBE12
 694 01d9 01        		.byte	0x1
 695 01da A501      		.word	0x1a5
 696 01dc 00        		.byte	0
 697 01dd 12        		.uleb128 0x12
 698 01de 0000 0000 		.long	.LASF22
 699 01e2 01        		.byte	0x1
 700 01e3 E7        		.byte	0xe7
 701 01e4 3000 0000 		.long	0x30
 702 01e8 05        		.byte	0x5
 703 01e9 03        		.byte	0x3
 704 01ea 0000 0000 		.long	slaveAddress
 705 01ee 12        		.uleb128 0x12
 706 01ef 0000 0000 		.long	.LASF23
 707 01f3 01        		.byte	0x1
 708 01f4 E8        		.byte	0xe8
 709 01f5 FF01 0000 		.long	0x1ff
 710 01f9 05        		.byte	0x5
 711 01fa 03        		.byte	0x3
 712 01fb 0000 0000 		.long	overflowState
 713 01ff 13        		.uleb128 0x13
 714 0200 9D00 0000 		.long	0x9d
 715 0204 14        		.uleb128 0x14
 716 0205 3000 0000 		.long	0x30
 717 0209 1402 0000 		.long	0x214
 718 020d 15        		.uleb128 0x15
 719 020e 1402 0000 		.long	0x214
 720 0212 0F        		.byte	0xf
 721 0213 00        		.byte	0
 722 0214 02        		.uleb128 0x2
 723 0215 02        		.byte	0x2
 724 0216 07        		.byte	0x7
 725 0217 0000 0000 		.long	.LASF24
 726 021b 12        		.uleb128 0x12
 727 021c 0000 0000 		.long	.LASF25
 728 0220 01        		.byte	0x1
 729 0221 EA        		.byte	0xea
 730 0222 0402 0000 		.long	0x204
 731 0226 05        		.byte	0x5
 732 0227 03        		.byte	0x3
 733 0228 0000 0000 		.long	rxBuf
 734 022c 12        		.uleb128 0x12
 735 022d 0000 0000 		.long	.LASF26
 736 0231 01        		.byte	0x1
 737 0232 EB        		.byte	0xeb
 738 0233 3D02 0000 		.long	0x23d
 739 0237 05        		.byte	0x5
GAS LISTING C:\Users\casanovg\AppData\Local\Temp\cc54V6oL.s 			page 23


 740 0238 03        		.byte	0x3
 741 0239 0000 0000 		.long	rxHead
 742 023d 13        		.uleb128 0x13
 743 023e 3000 0000 		.long	0x30
 744 0242 12        		.uleb128 0x12
 745 0243 0000 0000 		.long	.LASF27
 746 0247 01        		.byte	0x1
 747 0248 EC        		.byte	0xec
 748 0249 3D02 0000 		.long	0x23d
 749 024d 05        		.byte	0x5
 750 024e 03        		.byte	0x3
 751 024f 0000 0000 		.long	rxTail
 752 0253 12        		.uleb128 0x12
 753 0254 0000 0000 		.long	.LASF28
 754 0258 01        		.byte	0x1
 755 0259 ED        		.byte	0xed
 756 025a 3D02 0000 		.long	0x23d
 757 025e 05        		.byte	0x5
 758 025f 03        		.byte	0x3
 759 0260 0000 0000 		.long	rxCount
 760 0264 12        		.uleb128 0x12
 761 0265 0000 0000 		.long	.LASF29
 762 0269 01        		.byte	0x1
 763 026a EF        		.byte	0xef
 764 026b 0402 0000 		.long	0x204
 765 026f 05        		.byte	0x5
 766 0270 03        		.byte	0x3
 767 0271 0000 0000 		.long	txBuf
 768 0275 12        		.uleb128 0x12
 769 0276 0000 0000 		.long	.LASF30
 770 027a 01        		.byte	0x1
 771 027b F0        		.byte	0xf0
 772 027c 3D02 0000 		.long	0x23d
 773 0280 05        		.byte	0x5
 774 0281 03        		.byte	0x3
 775 0282 0000 0000 		.long	txHead
 776 0286 12        		.uleb128 0x12
 777 0287 0000 0000 		.long	.LASF31
 778 028b 01        		.byte	0x1
 779 028c F1        		.byte	0xf1
 780 028d 3D02 0000 		.long	0x23d
 781 0291 05        		.byte	0x5
 782 0292 03        		.byte	0x3
 783 0293 0000 0000 		.long	txTail
 784 0297 12        		.uleb128 0x12
 785 0298 0000 0000 		.long	.LASF32
 786 029c 01        		.byte	0x1
 787 029d F2        		.byte	0xf2
 788 029e 3D02 0000 		.long	0x23d
 789 02a2 05        		.byte	0x5
 790 02a3 03        		.byte	0x3
 791 02a4 0000 0000 		.long	txCount
 792 02a8 16        		.uleb128 0x16
 793 02a9 01        		.byte	0x1
 794 02aa 17        		.uleb128 0x17
 795 02ab 0000 0000 		.long	.LASF33
 796 02af 03        		.byte	0x3
GAS LISTING C:\Users\casanovg\AppData\Local\Temp\cc54V6oL.s 			page 24


 797 02b0 18        		.byte	0x18
 798 02b1 BC02 0000 		.long	0x2bc
 799 02b5 01        		.byte	0x1
 800 02b6 05        		.byte	0x5
 801 02b7 03        		.byte	0x3
 802 02b8 0000 0000 		.long	Usi_onRequestPtr
 803 02bc 18        		.uleb128 0x18
 804 02bd 02        		.byte	0x2
 805 02be A802 0000 		.long	0x2a8
 806 02c2 19        		.uleb128 0x19
 807 02c3 01        		.byte	0x1
 808 02c4 CE02 0000 		.long	0x2ce
 809 02c8 1A        		.uleb128 0x1a
 810 02c9 3000 0000 		.long	0x30
 811 02cd 00        		.byte	0
 812 02ce 17        		.uleb128 0x17
 813 02cf 0000 0000 		.long	.LASF34
 814 02d3 03        		.byte	0x3
 815 02d4 19        		.byte	0x19
 816 02d5 E002 0000 		.long	0x2e0
 817 02d9 01        		.byte	0x1
 818 02da 05        		.byte	0x5
 819 02db 03        		.byte	0x3
 820 02dc 0000 0000 		.long	Usi_onReceivePtr
 821 02e0 18        		.uleb128 0x18
 822 02e1 02        		.byte	0x2
 823 02e2 C202 0000 		.long	0x2c2
 824 02e6 00        		.byte	0
 825               		.section	.debug_abbrev,"",@progbits
 826               	.Ldebug_abbrev0:
 827 0000 01        		.uleb128 0x1
 828 0001 11        		.uleb128 0x11
 829 0002 01        		.byte	0x1
 830 0003 25        		.uleb128 0x25
 831 0004 0E        		.uleb128 0xe
 832 0005 13        		.uleb128 0x13
 833 0006 0B        		.uleb128 0xb
 834 0007 03        		.uleb128 0x3
 835 0008 0E        		.uleb128 0xe
 836 0009 1B        		.uleb128 0x1b
 837 000a 0E        		.uleb128 0xe
 838 000b 55        		.uleb128 0x55
 839 000c 06        		.uleb128 0x6
 840 000d 11        		.uleb128 0x11
 841 000e 01        		.uleb128 0x1
 842 000f 52        		.uleb128 0x52
 843 0010 01        		.uleb128 0x1
 844 0011 10        		.uleb128 0x10
 845 0012 06        		.uleb128 0x6
 846 0013 00        		.byte	0
 847 0014 00        		.byte	0
 848 0015 02        		.uleb128 0x2
 849 0016 24        		.uleb128 0x24
 850 0017 00        		.byte	0
 851 0018 0B        		.uleb128 0xb
 852 0019 0B        		.uleb128 0xb
 853 001a 3E        		.uleb128 0x3e
GAS LISTING C:\Users\casanovg\AppData\Local\Temp\cc54V6oL.s 			page 25


 854 001b 0B        		.uleb128 0xb
 855 001c 03        		.uleb128 0x3
 856 001d 0E        		.uleb128 0xe
 857 001e 00        		.byte	0
 858 001f 00        		.byte	0
 859 0020 03        		.uleb128 0x3
 860 0021 16        		.uleb128 0x16
 861 0022 00        		.byte	0
 862 0023 03        		.uleb128 0x3
 863 0024 0E        		.uleb128 0xe
 864 0025 3A        		.uleb128 0x3a
 865 0026 0B        		.uleb128 0xb
 866 0027 3B        		.uleb128 0x3b
 867 0028 0B        		.uleb128 0xb
 868 0029 49        		.uleb128 0x49
 869 002a 13        		.uleb128 0x13
 870 002b 00        		.byte	0
 871 002c 00        		.byte	0
 872 002d 04        		.uleb128 0x4
 873 002e 24        		.uleb128 0x24
 874 002f 00        		.byte	0
 875 0030 0B        		.uleb128 0xb
 876 0031 0B        		.uleb128 0xb
 877 0032 3E        		.uleb128 0x3e
 878 0033 0B        		.uleb128 0xb
 879 0034 03        		.uleb128 0x3
 880 0035 08        		.uleb128 0x8
 881 0036 00        		.byte	0
 882 0037 00        		.byte	0
 883 0038 05        		.uleb128 0x5
 884 0039 04        		.uleb128 0x4
 885 003a 01        		.byte	0x1
 886 003b 0B        		.uleb128 0xb
 887 003c 0B        		.uleb128 0xb
 888 003d 49        		.uleb128 0x49
 889 003e 13        		.uleb128 0x13
 890 003f 3A        		.uleb128 0x3a
 891 0040 0B        		.uleb128 0xb
 892 0041 3B        		.uleb128 0x3b
 893 0042 0B        		.uleb128 0xb
 894 0043 01        		.uleb128 0x1
 895 0044 13        		.uleb128 0x13
 896 0045 00        		.byte	0
 897 0046 00        		.byte	0
 898 0047 06        		.uleb128 0x6
 899 0048 28        		.uleb128 0x28
 900 0049 00        		.byte	0
 901 004a 03        		.uleb128 0x3
 902 004b 0E        		.uleb128 0xe
 903 004c 1C        		.uleb128 0x1c
 904 004d 0B        		.uleb128 0xb
 905 004e 00        		.byte	0
 906 004f 00        		.byte	0
 907 0050 07        		.uleb128 0x7
 908 0051 2E        		.uleb128 0x2e
 909 0052 00        		.byte	0
 910 0053 03        		.uleb128 0x3
GAS LISTING C:\Users\casanovg\AppData\Local\Temp\cc54V6oL.s 			page 26


 911 0054 0E        		.uleb128 0xe
 912 0055 3A        		.uleb128 0x3a
 913 0056 0B        		.uleb128 0xb
 914 0057 3B        		.uleb128 0x3b
 915 0058 0B        		.uleb128 0xb
 916 0059 27        		.uleb128 0x27
 917 005a 0C        		.uleb128 0xc
 918 005b 20        		.uleb128 0x20
 919 005c 0B        		.uleb128 0xb
 920 005d 00        		.byte	0
 921 005e 00        		.byte	0
 922 005f 08        		.uleb128 0x8
 923 0060 2E        		.uleb128 0x2e
 924 0061 01        		.byte	0x1
 925 0062 3F        		.uleb128 0x3f
 926 0063 0C        		.uleb128 0xc
 927 0064 03        		.uleb128 0x3
 928 0065 0E        		.uleb128 0xe
 929 0066 3A        		.uleb128 0x3a
 930 0067 0B        		.uleb128 0xb
 931 0068 3B        		.uleb128 0x3b
 932 0069 05        		.uleb128 0x5
 933 006a 27        		.uleb128 0x27
 934 006b 0C        		.uleb128 0xc
 935 006c 11        		.uleb128 0x11
 936 006d 01        		.uleb128 0x1
 937 006e 12        		.uleb128 0x12
 938 006f 01        		.uleb128 0x1
 939 0070 40        		.uleb128 0x40
 940 0071 0A        		.uleb128 0xa
 941 0072 9742      		.uleb128 0x2117
 942 0074 0C        		.uleb128 0xc
 943 0075 01        		.uleb128 0x1
 944 0076 13        		.uleb128 0x13
 945 0077 00        		.byte	0
 946 0078 00        		.byte	0
 947 0079 09        		.uleb128 0x9
 948 007a 05        		.uleb128 0x5
 949 007b 00        		.byte	0
 950 007c 03        		.uleb128 0x3
 951 007d 0E        		.uleb128 0xe
 952 007e 3A        		.uleb128 0x3a
 953 007f 0B        		.uleb128 0xb
 954 0080 3B        		.uleb128 0x3b
 955 0081 05        		.uleb128 0x5
 956 0082 49        		.uleb128 0x49
 957 0083 13        		.uleb128 0x13
 958 0084 02        		.uleb128 0x2
 959 0085 06        		.uleb128 0x6
 960 0086 00        		.byte	0
 961 0087 00        		.byte	0
 962 0088 0A        		.uleb128 0xa
 963 0089 1D        		.uleb128 0x1d
 964 008a 00        		.byte	0
 965 008b 31        		.uleb128 0x31
 966 008c 13        		.uleb128 0x13
 967 008d 11        		.uleb128 0x11
GAS LISTING C:\Users\casanovg\AppData\Local\Temp\cc54V6oL.s 			page 27


 968 008e 01        		.uleb128 0x1
 969 008f 12        		.uleb128 0x12
 970 0090 01        		.uleb128 0x1
 971 0091 58        		.uleb128 0x58
 972 0092 0B        		.uleb128 0xb
 973 0093 59        		.uleb128 0x59
 974 0094 05        		.uleb128 0x5
 975 0095 00        		.byte	0
 976 0096 00        		.byte	0
 977 0097 0B        		.uleb128 0xb
 978 0098 2E        		.uleb128 0x2e
 979 0099 00        		.byte	0
 980 009a 3F        		.uleb128 0x3f
 981 009b 0C        		.uleb128 0xc
 982 009c 03        		.uleb128 0x3
 983 009d 0E        		.uleb128 0xe
 984 009e 3A        		.uleb128 0x3a
 985 009f 0B        		.uleb128 0xb
 986 00a0 3B        		.uleb128 0x3b
 987 00a1 05        		.uleb128 0x5
 988 00a2 27        		.uleb128 0x27
 989 00a3 0C        		.uleb128 0xc
 990 00a4 49        		.uleb128 0x49
 991 00a5 13        		.uleb128 0x13
 992 00a6 11        		.uleb128 0x11
 993 00a7 01        		.uleb128 0x1
 994 00a8 12        		.uleb128 0x12
 995 00a9 01        		.uleb128 0x1
 996 00aa 40        		.uleb128 0x40
 997 00ab 0A        		.uleb128 0xa
 998 00ac 9742      		.uleb128 0x2117
 999 00ae 0C        		.uleb128 0xc
 1000 00af 00        		.byte	0
 1001 00b0 00        		.byte	0
 1002 00b1 0C        		.uleb128 0xc
 1003 00b2 2E        		.uleb128 0x2e
 1004 00b3 01        		.byte	0x1
 1005 00b4 3F        		.uleb128 0x3f
 1006 00b5 0C        		.uleb128 0xc
 1007 00b6 03        		.uleb128 0x3
 1008 00b7 0E        		.uleb128 0xe
 1009 00b8 3A        		.uleb128 0x3a
 1010 00b9 0B        		.uleb128 0xb
 1011 00ba 3B        		.uleb128 0x3b
 1012 00bb 05        		.uleb128 0x5
 1013 00bc 27        		.uleb128 0x27
 1014 00bd 0C        		.uleb128 0xc
 1015 00be 49        		.uleb128 0x49
 1016 00bf 13        		.uleb128 0x13
 1017 00c0 11        		.uleb128 0x11
 1018 00c1 01        		.uleb128 0x1
 1019 00c2 12        		.uleb128 0x12
 1020 00c3 01        		.uleb128 0x1
 1021 00c4 40        		.uleb128 0x40
 1022 00c5 0A        		.uleb128 0xa
 1023 00c6 9742      		.uleb128 0x2117
 1024 00c8 0C        		.uleb128 0xc
GAS LISTING C:\Users\casanovg\AppData\Local\Temp\cc54V6oL.s 			page 28


 1025 00c9 01        		.uleb128 0x1
 1026 00ca 13        		.uleb128 0x13
 1027 00cb 00        		.byte	0
 1028 00cc 00        		.byte	0
 1029 00cd 0D        		.uleb128 0xd
 1030 00ce 34        		.uleb128 0x34
 1031 00cf 00        		.byte	0
 1032 00d0 03        		.uleb128 0x3
 1033 00d1 0E        		.uleb128 0xe
 1034 00d2 3A        		.uleb128 0x3a
 1035 00d3 0B        		.uleb128 0xb
 1036 00d4 3B        		.uleb128 0x3b
 1037 00d5 05        		.uleb128 0x5
 1038 00d6 49        		.uleb128 0x49
 1039 00d7 13        		.uleb128 0x13
 1040 00d8 02        		.uleb128 0x2
 1041 00d9 0A        		.uleb128 0xa
 1042 00da 00        		.byte	0
 1043 00db 00        		.byte	0
 1044 00dc 0E        		.uleb128 0xe
 1045 00dd 2E        		.uleb128 0x2e
 1046 00de 00        		.byte	0
 1047 00df 3F        		.uleb128 0x3f
 1048 00e0 0C        		.uleb128 0xc
 1049 00e1 03        		.uleb128 0x3
 1050 00e2 0E        		.uleb128 0xe
 1051 00e3 3A        		.uleb128 0x3a
 1052 00e4 0B        		.uleb128 0xb
 1053 00e5 3B        		.uleb128 0x3b
 1054 00e6 05        		.uleb128 0x5
 1055 00e7 27        		.uleb128 0x27
 1056 00e8 0C        		.uleb128 0xc
 1057 00e9 49        		.uleb128 0x49
 1058 00ea 13        		.uleb128 0x13
 1059 00eb 20        		.uleb128 0x20
 1060 00ec 0B        		.uleb128 0xb
 1061 00ed 00        		.byte	0
 1062 00ee 00        		.byte	0
 1063 00ef 0F        		.uleb128 0xf
 1064 00f0 2E        		.uleb128 0x2e
 1065 00f1 00        		.byte	0
 1066 00f2 31        		.uleb128 0x31
 1067 00f3 13        		.uleb128 0x13
 1068 00f4 11        		.uleb128 0x11
 1069 00f5 01        		.uleb128 0x1
 1070 00f6 12        		.uleb128 0x12
 1071 00f7 01        		.uleb128 0x1
 1072 00f8 40        		.uleb128 0x40
 1073 00f9 0A        		.uleb128 0xa
 1074 00fa 9742      		.uleb128 0x2117
 1075 00fc 0C        		.uleb128 0xc
 1076 00fd 00        		.byte	0
 1077 00fe 00        		.byte	0
 1078 00ff 10        		.uleb128 0x10
 1079 0100 2E        		.uleb128 0x2e
 1080 0101 00        		.byte	0
 1081 0102 3F        		.uleb128 0x3f
GAS LISTING C:\Users\casanovg\AppData\Local\Temp\cc54V6oL.s 			page 29


 1082 0103 0C        		.uleb128 0xc
 1083 0104 03        		.uleb128 0x3
 1084 0105 0E        		.uleb128 0xe
 1085 0106 3A        		.uleb128 0x3a
 1086 0107 0B        		.uleb128 0xb
 1087 0108 3B        		.uleb128 0x3b
 1088 0109 05        		.uleb128 0x5
 1089 010a 27        		.uleb128 0x27
 1090 010b 0C        		.uleb128 0xc
 1091 010c 11        		.uleb128 0x11
 1092 010d 01        		.uleb128 0x1
 1093 010e 12        		.uleb128 0x12
 1094 010f 01        		.uleb128 0x1
 1095 0110 40        		.uleb128 0x40
 1096 0111 0A        		.uleb128 0xa
 1097 0112 9742      		.uleb128 0x2117
 1098 0114 0C        		.uleb128 0xc
 1099 0115 00        		.byte	0
 1100 0116 00        		.byte	0
 1101 0117 11        		.uleb128 0x11
 1102 0118 2E        		.uleb128 0x2e
 1103 0119 01        		.byte	0x1
 1104 011a 3F        		.uleb128 0x3f
 1105 011b 0C        		.uleb128 0xc
 1106 011c 03        		.uleb128 0x3
 1107 011d 0E        		.uleb128 0xe
 1108 011e 3A        		.uleb128 0x3a
 1109 011f 0B        		.uleb128 0xb
 1110 0120 3B        		.uleb128 0x3b
 1111 0121 05        		.uleb128 0x5
 1112 0122 27        		.uleb128 0x27
 1113 0123 0C        		.uleb128 0xc
 1114 0124 11        		.uleb128 0x11
 1115 0125 01        		.uleb128 0x1
 1116 0126 12        		.uleb128 0x12
 1117 0127 01        		.uleb128 0x1
 1118 0128 40        		.uleb128 0x40
 1119 0129 0A        		.uleb128 0xa
 1120 012a 9642      		.uleb128 0x2116
 1121 012c 0C        		.uleb128 0xc
 1122 012d 01        		.uleb128 0x1
 1123 012e 13        		.uleb128 0x13
 1124 012f 00        		.byte	0
 1125 0130 00        		.byte	0
 1126 0131 12        		.uleb128 0x12
 1127 0132 34        		.uleb128 0x34
 1128 0133 00        		.byte	0
 1129 0134 03        		.uleb128 0x3
 1130 0135 0E        		.uleb128 0xe
 1131 0136 3A        		.uleb128 0x3a
 1132 0137 0B        		.uleb128 0xb
 1133 0138 3B        		.uleb128 0x3b
 1134 0139 0B        		.uleb128 0xb
 1135 013a 49        		.uleb128 0x49
 1136 013b 13        		.uleb128 0x13
 1137 013c 02        		.uleb128 0x2
 1138 013d 0A        		.uleb128 0xa
GAS LISTING C:\Users\casanovg\AppData\Local\Temp\cc54V6oL.s 			page 30


 1139 013e 00        		.byte	0
 1140 013f 00        		.byte	0
 1141 0140 13        		.uleb128 0x13
 1142 0141 35        		.uleb128 0x35
 1143 0142 00        		.byte	0
 1144 0143 49        		.uleb128 0x49
 1145 0144 13        		.uleb128 0x13
 1146 0145 00        		.byte	0
 1147 0146 00        		.byte	0
 1148 0147 14        		.uleb128 0x14
 1149 0148 01        		.uleb128 0x1
 1150 0149 01        		.byte	0x1
 1151 014a 49        		.uleb128 0x49
 1152 014b 13        		.uleb128 0x13
 1153 014c 01        		.uleb128 0x1
 1154 014d 13        		.uleb128 0x13
 1155 014e 00        		.byte	0
 1156 014f 00        		.byte	0
 1157 0150 15        		.uleb128 0x15
 1158 0151 21        		.uleb128 0x21
 1159 0152 00        		.byte	0
 1160 0153 49        		.uleb128 0x49
 1161 0154 13        		.uleb128 0x13
 1162 0155 2F        		.uleb128 0x2f
 1163 0156 0B        		.uleb128 0xb
 1164 0157 00        		.byte	0
 1165 0158 00        		.byte	0
 1166 0159 16        		.uleb128 0x16
 1167 015a 15        		.uleb128 0x15
 1168 015b 00        		.byte	0
 1169 015c 27        		.uleb128 0x27
 1170 015d 0C        		.uleb128 0xc
 1171 015e 00        		.byte	0
 1172 015f 00        		.byte	0
 1173 0160 17        		.uleb128 0x17
 1174 0161 34        		.uleb128 0x34
 1175 0162 00        		.byte	0
 1176 0163 03        		.uleb128 0x3
 1177 0164 0E        		.uleb128 0xe
 1178 0165 3A        		.uleb128 0x3a
 1179 0166 0B        		.uleb128 0xb
 1180 0167 3B        		.uleb128 0x3b
 1181 0168 0B        		.uleb128 0xb
 1182 0169 49        		.uleb128 0x49
 1183 016a 13        		.uleb128 0x13
 1184 016b 3F        		.uleb128 0x3f
 1185 016c 0C        		.uleb128 0xc
 1186 016d 02        		.uleb128 0x2
 1187 016e 0A        		.uleb128 0xa
 1188 016f 00        		.byte	0
 1189 0170 00        		.byte	0
 1190 0171 18        		.uleb128 0x18
 1191 0172 0F        		.uleb128 0xf
 1192 0173 00        		.byte	0
 1193 0174 0B        		.uleb128 0xb
 1194 0175 0B        		.uleb128 0xb
 1195 0176 49        		.uleb128 0x49
GAS LISTING C:\Users\casanovg\AppData\Local\Temp\cc54V6oL.s 			page 31


 1196 0177 13        		.uleb128 0x13
 1197 0178 00        		.byte	0
 1198 0179 00        		.byte	0
 1199 017a 19        		.uleb128 0x19
 1200 017b 15        		.uleb128 0x15
 1201 017c 01        		.byte	0x1
 1202 017d 27        		.uleb128 0x27
 1203 017e 0C        		.uleb128 0xc
 1204 017f 01        		.uleb128 0x1
 1205 0180 13        		.uleb128 0x13
 1206 0181 00        		.byte	0
 1207 0182 00        		.byte	0
 1208 0183 1A        		.uleb128 0x1a
 1209 0184 05        		.uleb128 0x5
 1210 0185 00        		.byte	0
 1211 0186 49        		.uleb128 0x49
 1212 0187 13        		.uleb128 0x13
 1213 0188 00        		.byte	0
 1214 0189 00        		.byte	0
 1215 018a 00        		.byte	0
 1216               		.section	.debug_loc,"",@progbits
 1217               	.Ldebug_loc0:
 1218               	.LLST0:
 1219 0000 0000 0000 		.long	.LVL0
 1220 0004 0000 0000 		.long	.LVL1
 1221 0008 0100      		.word	0x1
 1222 000a 68        		.byte	0x68
 1223 000b 0000 0000 		.long	.LVL1
 1224 000f 0000 0000 		.long	.LVL2
 1225 0013 0500      		.word	0x5
 1226 0015 03        		.byte	0x3
 1227 0016 0000 0000 		.long	slaveAddress
 1228 001a 0000 0000 		.long	.LVL2
 1229 001e 0000 0000 		.long	.LFE1
 1230 0022 0400      		.word	0x4
 1231 0024 F3        		.byte	0xf3
 1232 0025 01        		.uleb128 0x1
 1233 0026 68        		.byte	0x68
 1234 0027 9F        		.byte	0x9f
 1235 0028 0000 0000 		.long	0
 1236 002c 0000 0000 		.long	0
 1237               	.LLST1:
 1238 0030 0000 0000 		.long	.LVL3
 1239 0034 0000 0000 		.long	.LVL4
 1240 0038 0100      		.word	0x1
 1241 003a 68        		.byte	0x68
 1242 003b 0000 0000 		.long	.LVL4
 1243 003f 0000 0000 		.long	.LFE3
 1244 0043 0200      		.word	0x2
 1245 0045 8E        		.byte	0x8e
 1246 0046 00        		.sleb128 0
 1247 0047 0000 0000 		.long	0
 1248 004b 0000 0000 		.long	0
 1249               		.section	.debug_aranges,"",@progbits
 1250 0000 4C00 0000 		.long	0x4c
 1251 0004 0200      		.word	0x2
 1252 0006 0000 0000 		.long	.Ldebug_info0
GAS LISTING C:\Users\casanovg\AppData\Local\Temp\cc54V6oL.s 			page 32


 1253 000a 04        		.byte	0x4
 1254 000b 00        		.byte	0
 1255 000c 0000      		.word	0
 1256 000e 0000      		.word	0
 1257 0010 0000 0000 		.long	.LFB1
 1258 0014 3200 0000 		.long	.LFE1-.LFB1
 1259 0018 0000 0000 		.long	.LFB2
 1260 001c 0E00 0000 		.long	.LFE2-.LFB2
 1261 0020 0000 0000 		.long	.LFB3
 1262 0024 2C00 0000 		.long	.LFE3-.LFB3
 1263 0028 0000 0000 		.long	.LFB4
 1264 002c 2C00 0000 		.long	.LFE4-.LFB4
 1265 0030 0000 0000 		.long	.LFB5
 1266 0034 0600 0000 		.long	.LFE5-.LFB5
 1267 0038 0000 0000 		.long	.LFB6
 1268 003c 2200 0000 		.long	.LFE6-.LFB6
 1269 0040 0000 0000 		.long	.LFB7
 1270 0044 0E01 0000 		.long	.LFE7-.LFB7
 1271 0048 0000 0000 		.long	0
 1272 004c 0000 0000 		.long	0
 1273               		.section	.debug_ranges,"",@progbits
 1274               	.Ldebug_ranges0:
 1275 0000 0000 0000 		.long	.LFB1
 1276 0004 0000 0000 		.long	.LFE1
 1277 0008 0000 0000 		.long	.LFB2
 1278 000c 0000 0000 		.long	.LFE2
 1279 0010 0000 0000 		.long	.LFB3
 1280 0014 0000 0000 		.long	.LFE3
 1281 0018 0000 0000 		.long	.LFB4
 1282 001c 0000 0000 		.long	.LFE4
 1283 0020 0000 0000 		.long	.LFB5
 1284 0024 0000 0000 		.long	.LFE5
 1285 0028 0000 0000 		.long	.LFB6
 1286 002c 0000 0000 		.long	.LFE6
 1287 0030 0000 0000 		.long	.LFB7
 1288 0034 0000 0000 		.long	.LFE7
 1289 0038 0000 0000 		.long	0
 1290 003c 0000 0000 		.long	0
 1291               		.section	.debug_line,"",@progbits
 1292               	.Ldebug_line0:
 1293 0000 E002 0000 		.section	.debug_str,"MS",@progbits,1
 1293      0200 A900 
 1293      0000 0201 
 1293      FB0E 0A00 
 1293      0101 0101 
 1294               	.LASF7:
 1295 0000 5553 495F 		.string	"USI_SLAVE_CHECK_ADDRESS"
 1295      534C 4156 
 1295      455F 4348 
 1295      4543 4B5F 
 1295      4144 4452 
 1296               	.LASF15:
 1297 0018 5F42 6F6F 		.string	"_Bool"
 1297      6C00 
 1298               	.LASF9:
 1299 001e 5553 495F 		.string	"USI_SLAVE_REQUEST_REPLY_FROM_SEND_DATA"
 1299      534C 4156 
GAS LISTING C:\Users\casanovg\AppData\Local\Temp\cc54V6oL.s 			page 33


 1299      455F 5245 
 1299      5155 4553 
 1299      545F 5245 
 1300               	.LASF36:
 1301 0045 2E2E 2F6E 		.string	"../nb-libs-as1/nb-usitwisl-if.c"
 1301      622D 6C69 
 1301      6273 2D61 
 1301      7331 2F6E 
 1301      622D 7573 
 1302               	.LASF23:
 1303 0065 6F76 6572 		.string	"overflowState"
 1303      666C 6F77 
 1303      5374 6174 
 1303      6500 
 1304               	.LASF33:
 1305 0073 5573 695F 		.string	"Usi_onRequestPtr"
 1305      6F6E 5265 
 1305      7175 6573 
 1305      7450 7472 
 1305      00
 1306               	.LASF22:
 1307 0084 736C 6176 		.string	"slaveAddress"
 1307      6541 6464 
 1307      7265 7373 
 1307      00
 1308               	.LASF40:
 1309 0091 5573 6954 		.string	"UsiTwiReceiveByte"
 1309      7769 5265 
 1309      6365 6976 
 1309      6542 7974 
 1309      6500 
 1310               	.LASF19:
 1311 00a3 6461 7461 		.string	"data"
 1311      00
 1312               	.LASF42:
 1313 00a8 5573 6953 		.string	"UsiStartHandler"
 1313      7461 7274 
 1313      4861 6E64 
 1313      6C65 7200 
 1314               	.LASF1:
 1315 00b8 756E 7369 		.string	"unsigned char"
 1315      676E 6564 
 1315      2063 6861 
 1315      7200 
 1316               	.LASF4:
 1317 00c6 6C6F 6E67 		.string	"long unsigned int"
 1317      2075 6E73 
 1317      6967 6E65 
 1317      6420 696E 
 1317      7400 
 1318               	.LASF20:
 1319 00d8 5573 694F 		.string	"UsiOverflowHandler"
 1319      7665 7266 
 1319      6C6F 7748 
 1319      616E 646C 
 1319      6572 00
 1320               	.LASF26:
GAS LISTING C:\Users\casanovg\AppData\Local\Temp\cc54V6oL.s 			page 34


 1321 00eb 7278 4865 		.string	"rxHead"
 1321      6164 00
 1322               	.LASF25:
 1323 00f2 7278 4275 		.string	"rxBuf"
 1323      6600 
 1324               	.LASF28:
 1325 00f8 7278 436F 		.string	"rxCount"
 1325      756E 7400 
 1326               	.LASF16:
 1327 0100 5573 6954 		.string	"UsiTwiSlaveInit"
 1327      7769 536C 
 1327      6176 6549 
 1327      6E69 7400 
 1328               	.LASF2:
 1329 0110 756E 7369 		.string	"unsigned int"
 1329      676E 6564 
 1329      2069 6E74 
 1329      00
 1330               	.LASF41:
 1331 011d 5573 6954 		.string	"UsiTwiAmountDataInReceiveBuffer"
 1331      7769 416D 
 1331      6F75 6E74 
 1331      4461 7461 
 1331      496E 5265 
 1332               	.LASF6:
 1333 013d 6C6F 6E67 		.string	"long long unsigned int"
 1333      206C 6F6E 
 1333      6720 756E 
 1333      7369 676E 
 1333      6564 2069 
 1334               	.LASF13:
 1335 0154 7569 6E74 		.string	"uint8_t"
 1335      385F 7400 
 1336               	.LASF12:
 1337 015c 5553 495F 		.string	"USI_SLAVE_GET_DATA_AND_SEND_ACK"
 1337      534C 4156 
 1337      455F 4745 
 1337      545F 4441 
 1337      5441 5F41 
 1338               	.LASF39:
 1339 017c 5573 6954 		.string	"UsiTwiDataInTransmitBuffer"
 1339      7769 4461 
 1339      7461 496E 
 1339      5472 616E 
 1339      736D 6974 
 1340               	.LASF35:
 1341 0197 474E 5520 		.string	"GNU C99 5.4.0 -mn-flash=1 -mno-skip-bug -mmcu=avr25 -g2 -Os -std=gnu99 -funsigned-char -f
 1341      4339 3920 
 1341      352E 342E 
 1341      3020 2D6D 
 1341      6E2D 666C 
 1342               	.LASF14:
 1343 028e 6F76 6572 		.string	"overflowState_t"
 1343      666C 6F77 
 1343      5374 6174 
 1343      655F 7400 
 1344               	.LASF34:
GAS LISTING C:\Users\casanovg\AppData\Local\Temp\cc54V6oL.s 			page 35


 1345 029e 5573 695F 		.string	"Usi_onReceivePtr"
 1345      6F6E 5265 
 1345      6365 6976 
 1345      6550 7472 
 1345      00
 1346               	.LASF11:
 1347 02af 5553 495F 		.string	"USI_SLAVE_REQUEST_DATA"
 1347      534C 4156 
 1347      455F 5245 
 1347      5155 4553 
 1347      545F 4441 
 1348               	.LASF32:
 1349 02c6 7478 436F 		.string	"txCount"
 1349      756E 7400 
 1350               	.LASF24:
 1351 02ce 7369 7A65 		.string	"sizetype"
 1351      7479 7065 
 1351      00
 1352               	.LASF5:
 1353 02d7 6C6F 6E67 		.string	"long long int"
 1353      206C 6F6E 
 1353      6720 696E 
 1353      7400 
 1354               	.LASF37:
 1355 02e5 433A 5C55 		.string	"C:\\Users\\casanovg\\source\\Repos\\timonel\\timonel-as1\\timonel-as1"
 1355      7365 7273 
 1355      5C63 6173 
 1355      616E 6F76 
 1355      675C 736F 
 1356               	.LASF17:
 1357 0324 5573 6954 		.string	"UsiTwiTransmitByte"
 1357      7769 5472 
 1357      616E 736D 
 1357      6974 4279 
 1357      7465 00
 1358               	.LASF8:
 1359 0337 5553 495F 		.string	"USI_SLAVE_SEND_DATA"
 1359      534C 4156 
 1359      455F 5345 
 1359      4E44 5F44 
 1359      4154 4100 
 1360               	.LASF27:
 1361 034b 7278 5461 		.string	"rxTail"
 1361      696C 00
 1362               	.LASF31:
 1363 0352 7478 5461 		.string	"txTail"
 1363      696C 00
 1364               	.LASF30:
 1365 0359 7478 4865 		.string	"txHead"
 1365      6164 00
 1366               	.LASF21:
 1367 0360 7274 6E5F 		.string	"rtn_byte"
 1367      6279 7465 
 1367      00
 1368               	.LASF3:
 1369 0369 6C6F 6E67 		.string	"long int"
 1369      2069 6E74 
GAS LISTING C:\Users\casanovg\AppData\Local\Temp\cc54V6oL.s 			page 36


 1369      00
 1370               	.LASF0:
 1371 0372 7369 676E 		.string	"signed char"
 1371      6564 2063 
 1371      6861 7200 
 1372               	.LASF10:
 1373 037e 5553 495F 		.string	"USI_SLAVE_CHECK_REPLY_FROM_SEND_DATA"
 1373      534C 4156 
 1373      455F 4348 
 1373      4543 4B5F 
 1373      5245 504C 
 1374               	.LASF18:
 1375 03a3 6F77 6E41 		.string	"ownAddress"
 1375      6464 7265 
 1375      7373 00
 1376               	.LASF29:
 1377 03ae 7478 4275 		.string	"txBuf"
 1377      6600 
 1378               	.LASF38:
 1379 03b4 466C 7573 		.string	"FlushTwiBuffers"
 1379      6854 7769 
 1379      4275 6666 
 1379      6572 7300 
 1380               		.ident	"GCC: (AVR_8_bit_GNU_Toolchain_3.6.1_1750) 5.4.0"
 1381               	.global __do_clear_bss
GAS LISTING C:\Users\casanovg\AppData\Local\Temp\cc54V6oL.s 			page 37


DEFINED SYMBOLS
                            *ABS*:00000000 nb-usitwisl-if.c
C:\Users\casanovg\AppData\Local\Temp\cc54V6oL.s:2      *ABS*:0000003e __SP_H__
C:\Users\casanovg\AppData\Local\Temp\cc54V6oL.s:3      *ABS*:0000003d __SP_L__
C:\Users\casanovg\AppData\Local\Temp\cc54V6oL.s:4      *ABS*:0000003f __SREG__
C:\Users\casanovg\AppData\Local\Temp\cc54V6oL.s:5      *ABS*:00000000 __tmp_reg__
C:\Users\casanovg\AppData\Local\Temp\cc54V6oL.s:6      *ABS*:00000001 __zero_reg__
C:\Users\casanovg\AppData\Local\Temp\cc54V6oL.s:13     .text.UsiTwiSlaveInit:00000000 UsiTwiSlaveInit
C:\Users\casanovg\AppData\Local\Temp\cc54V6oL.s:435    .bss.rxTail:00000000 rxTail
C:\Users\casanovg\AppData\Local\Temp\cc54V6oL.s:440    .bss.rxHead:00000000 rxHead
C:\Users\casanovg\AppData\Local\Temp\cc54V6oL.s:430    .bss.rxCount:00000000 rxCount
C:\Users\casanovg\AppData\Local\Temp\cc54V6oL.s:415    .bss.txTail:00000000 txTail
C:\Users\casanovg\AppData\Local\Temp\cc54V6oL.s:420    .bss.txHead:00000000 txHead
C:\Users\casanovg\AppData\Local\Temp\cc54V6oL.s:410    .bss.txCount:00000000 txCount
C:\Users\casanovg\AppData\Local\Temp\cc54V6oL.s:455    .bss.slaveAddress:00000000 slaveAddress
C:\Users\casanovg\AppData\Local\Temp\cc54V6oL.s:66     .text.UsiTwiDataInTransmitBuffer:00000000 UsiTwiDataInTransmitBuffer
C:\Users\casanovg\AppData\Local\Temp\cc54V6oL.s:89     .text.UsiTwiTransmitByte:00000000 UsiTwiTransmitByte
C:\Users\casanovg\AppData\Local\Temp\cc54V6oL.s:425    .bss.txBuf:00000000 txBuf
C:\Users\casanovg\AppData\Local\Temp\cc54V6oL.s:126    .text.UsiTwiReceiveByte:00000000 UsiTwiReceiveByte
C:\Users\casanovg\AppData\Local\Temp\cc54V6oL.s:445    .bss.rxBuf:00000000 rxBuf
C:\Users\casanovg\AppData\Local\Temp\cc54V6oL.s:163    .text.UsiTwiAmountDataInReceiveBuffer:00000000 UsiTwiAmountDataInReceiveBuffer
C:\Users\casanovg\AppData\Local\Temp\cc54V6oL.s:181    .text.UsiStartHandler:00000000 UsiStartHandler
C:\Users\casanovg\AppData\Local\Temp\cc54V6oL.s:450    .bss.overflowState:00000000 overflowState
C:\Users\casanovg\AppData\Local\Temp\cc54V6oL.s:224    .text.UsiOverflowHandler:00000000 UsiOverflowHandler
                            *COM*:00000002 Usi_onReceivePtr
                            *COM*:00000002 Usi_onRequestPtr

UNDEFINED SYMBOLS
__do_clear_bss
